Archive member included to satisfy reference by file (symbol)

c:/boda_toolchain/gcc-arm-none-eabi-10.3-2021.10/bin/../lib/gcc/arm-none-eabi/10.3.1/../../../../arm-none-eabi/lib/thumb/v7e-m+fp/hard\libc_nano.a(lib_a-exit.o)
                              c:/boda_toolchain/gcc-arm-none-eabi-10.3-2021.10/bin/../lib/gcc/arm-none-eabi/10.3.1/../../../../arm-none-eabi/lib/thumb/v7e-m+fp/hard/crt0.o (exit)
c:/boda_toolchain/gcc-arm-none-eabi-10.3-2021.10/bin/../lib/gcc/arm-none-eabi/10.3.1/../../../../arm-none-eabi/lib/thumb/v7e-m+fp/hard\libc_nano.a(lib_a-impure.o)
                              c:/boda_toolchain/gcc-arm-none-eabi-10.3-2021.10/bin/../lib/gcc/arm-none-eabi/10.3.1/../../../../arm-none-eabi/lib/thumb/v7e-m+fp/hard\libc_nano.a(lib_a-exit.o) (_global_impure_ptr)
c:/boda_toolchain/gcc-arm-none-eabi-10.3-2021.10/bin/../lib/gcc/arm-none-eabi/10.3.1/../../../../arm-none-eabi/lib/thumb/v7e-m+fp/hard\libc_nano.a(lib_a-init.o)
                              c:/boda_toolchain/gcc-arm-none-eabi-10.3-2021.10/bin/../lib/gcc/arm-none-eabi/10.3.1/../../../../arm-none-eabi/lib/thumb/v7e-m+fp/hard/crt0.o (__libc_init_array)
c:/boda_toolchain/gcc-arm-none-eabi-10.3-2021.10/bin/../lib/gcc/arm-none-eabi/10.3.1/../../../../arm-none-eabi/lib/thumb/v7e-m+fp/hard\libc_nano.a(lib_a-memset.o)
                              c:/boda_toolchain/gcc-arm-none-eabi-10.3-2021.10/bin/../lib/gcc/arm-none-eabi/10.3.1/../../../../arm-none-eabi/lib/thumb/v7e-m+fp/hard/crt0.o (memset)
c:/boda_toolchain/gcc-arm-none-eabi-10.3-2021.10/bin/../lib/gcc/arm-none-eabi/10.3.1/../../../../arm-none-eabi/lib/thumb/v7e-m+fp/hard\libnosys.a(_exit.o)
                              c:/boda_toolchain/gcc-arm-none-eabi-10.3-2021.10/bin/../lib/gcc/arm-none-eabi/10.3.1/../../../../arm-none-eabi/lib/thumb/v7e-m+fp/hard\libc_nano.a(lib_a-exit.o) (_exit)
c:/boda_toolchain/gcc-arm-none-eabi-10.3-2021.10/bin/../lib/gcc/arm-none-eabi/10.3.1/thumb/v7e-m+fp/hard\libgcc.a(_aeabi_uldivmod.o)
                              build/stm32f4xx_hal_uart.o (__aeabi_uldivmod)
c:/boda_toolchain/gcc-arm-none-eabi-10.3-2021.10/bin/../lib/gcc/arm-none-eabi/10.3.1/thumb/v7e-m+fp/hard\libgcc.a(_udivmoddi4.o)
                              c:/boda_toolchain/gcc-arm-none-eabi-10.3-2021.10/bin/../lib/gcc/arm-none-eabi/10.3.1/thumb/v7e-m+fp/hard\libgcc.a(_aeabi_uldivmod.o) (__udivmoddi4)
c:/boda_toolchain/gcc-arm-none-eabi-10.3-2021.10/bin/../lib/gcc/arm-none-eabi/10.3.1/thumb/v7e-m+fp/hard\libgcc.a(_dvmd_tls.o)
                              c:/boda_toolchain/gcc-arm-none-eabi-10.3-2021.10/bin/../lib/gcc/arm-none-eabi/10.3.1/thumb/v7e-m+fp/hard\libgcc.a(_aeabi_uldivmod.o) (__aeabi_ldiv0)

Discarded input sections

 .text          0x00000000        0x0 c:/boda_toolchain/gcc-arm-none-eabi-10.3-2021.10/bin/../lib/gcc/arm-none-eabi/10.3.1/thumb/v7e-m+fp/hard/crti.o
 .data          0x00000000        0x0 c:/boda_toolchain/gcc-arm-none-eabi-10.3-2021.10/bin/../lib/gcc/arm-none-eabi/10.3.1/thumb/v7e-m+fp/hard/crti.o
 .bss           0x00000000        0x0 c:/boda_toolchain/gcc-arm-none-eabi-10.3-2021.10/bin/../lib/gcc/arm-none-eabi/10.3.1/thumb/v7e-m+fp/hard/crti.o
 .data          0x00000000        0x4 c:/boda_toolchain/gcc-arm-none-eabi-10.3-2021.10/bin/../lib/gcc/arm-none-eabi/10.3.1/thumb/v7e-m+fp/hard/crtbegin.o
 .rodata        0x00000000       0x24 c:/boda_toolchain/gcc-arm-none-eabi-10.3-2021.10/bin/../lib/gcc/arm-none-eabi/10.3.1/thumb/v7e-m+fp/hard/crtbegin.o
 .text          0x00000000       0x7c c:/boda_toolchain/gcc-arm-none-eabi-10.3-2021.10/bin/../lib/gcc/arm-none-eabi/10.3.1/../../../../arm-none-eabi/lib/thumb/v7e-m+fp/hard/crt0.o
 .data          0x00000000        0x0 c:/boda_toolchain/gcc-arm-none-eabi-10.3-2021.10/bin/../lib/gcc/arm-none-eabi/10.3.1/../../../../arm-none-eabi/lib/thumb/v7e-m+fp/hard/crt0.o
 .bss           0x00000000        0x0 c:/boda_toolchain/gcc-arm-none-eabi-10.3-2021.10/bin/../lib/gcc/arm-none-eabi/10.3.1/../../../../arm-none-eabi/lib/thumb/v7e-m+fp/hard/crt0.o
 .ARM.extab     0x00000000        0x0 c:/boda_toolchain/gcc-arm-none-eabi-10.3-2021.10/bin/../lib/gcc/arm-none-eabi/10.3.1/../../../../arm-none-eabi/lib/thumb/v7e-m+fp/hard/crt0.o
 .ARM.exidx     0x00000000       0x10 c:/boda_toolchain/gcc-arm-none-eabi-10.3-2021.10/bin/../lib/gcc/arm-none-eabi/10.3.1/../../../../arm-none-eabi/lib/thumb/v7e-m+fp/hard/crt0.o
 .ARM.attributes
                0x00000000       0x1c c:/boda_toolchain/gcc-arm-none-eabi-10.3-2021.10/bin/../lib/gcc/arm-none-eabi/10.3.1/../../../../arm-none-eabi/lib/thumb/v7e-m+fp/hard/crt0.o
 .text          0x00000000        0x0 build/main.o
 .data          0x00000000        0x0 build/main.o
 .bss           0x00000000        0x0 build/main.o
 .text          0x00000000        0x0 build/stm32f4xx_it.o
 .data          0x00000000        0x0 build/stm32f4xx_it.o
 .bss           0x00000000        0x0 build/stm32f4xx_it.o
 .text          0x00000000        0x0 build/stm32f4xx_hal_msp.o
 .data          0x00000000        0x0 build/stm32f4xx_hal_msp.o
[...]
Memory Configuration

Name             Origin             Length             Attributes
RAM              0x20000000         0x00020000         xrw
FLASH            0x08000000         0x00080000         xr
*default*        0x00000000         0xffffffff

Linker script and memory map

LOAD c:/boda_toolchain/gcc-arm-none-eabi-10.3-2021.10/bin/../lib/gcc/arm-none-eabi/10.3.1/thumb/v7e-m+fp/hard/crti.o
LOAD c:/boda_toolchain/gcc-arm-none-eabi-10.3-2021.10/bin/../lib/gcc/arm-none-eabi/10.3.1/thumb/v7e-m+fp/hard/crtbegin.o
LOAD c:/boda_toolchain/gcc-arm-none-eabi-10.3-2021.10/bin/../lib/gcc/arm-none-eabi/10.3.1/../../../../arm-none-eabi/lib/thumb/v7e-m+fp/hard/crt0.o
LOAD build/main.o
LOAD build/stm32f4xx_it.o
LOAD build/stm32f4xx_hal_msp.o
LOAD build/stm32f4xx_hal_tim.o
LOAD build/stm32f4xx_hal_tim_ex.o
LOAD build/stm32f4xx_hal_uart.o
LOAD build/stm32f4xx_hal_rcc.o
LOAD build/stm32f4xx_hal_rcc_ex.o
LOAD build/stm32f4xx_hal_flash.o
LOAD build/stm32f4xx_hal_flash_ex.o
LOAD build/stm32f4xx_hal_flash_ramfunc.o
LOAD build/stm32f4xx_hal_gpio.o
LOAD build/stm32f4xx_hal_dma_ex.o
LOAD build/stm32f4xx_hal_dma.o
LOAD build/stm32f4xx_hal_pwr.o
LOAD build/stm32f4xx_hal_pwr_ex.o
LOAD build/stm32f4xx_hal_cortex.o
LOAD build/stm32f4xx_hal.o
LOAD build/stm32f4xx_hal_exti.o
LOAD build/system_stm32f4xx.o
LOAD build/startup_stm32f446xx.o
LOAD c:/boda_toolchain/gcc-arm-none-eabi-10.3-2021.10/bin/../lib/gcc/arm-none-eabi/10.3.1/../../../../arm-none-eabi/lib/thumb/v7e-m+fp/hard\libc_nano.a
LOAD c:/boda_toolchain/gcc-arm-none-eabi-10.3-2021.10/bin/../lib/gcc/arm-none-eabi/10.3.1/../../../../arm-none-eabi/lib/thumb/v7e-m+fp/hard\libm.a
LOAD c:/boda_toolchain/gcc-arm-none-eabi-10.3-2021.10/bin/../lib/gcc/arm-none-eabi/10.3.1/../../../../arm-none-eabi/lib/thumb/v7e-m+fp/hard\libnosys.a
START GROUP
LOAD c:/boda_toolchain/gcc-arm-none-eabi-10.3-2021.10/bin/../lib/gcc/arm-none-eabi/10.3.1/thumb/v7e-m+fp/hard\libgcc.a
LOAD c:/boda_toolchain/gcc-arm-none-eabi-10.3-2021.10/bin/../lib/gcc/arm-none-eabi/10.3.1/../../../../arm-none-eabi/lib/thumb/v7e-m+fp/hard\libc_nano.a
END GROUP
START GROUP
LOAD c:/boda_toolchain/gcc-arm-none-eabi-10.3-2021.10/bin/../lib/gcc/arm-none-eabi/10.3.1/thumb/v7e-m+fp/hard\libgcc.a
LOAD c:/boda_toolchain/gcc-arm-none-eabi-10.3-2021.10/bin/../lib/gcc/arm-none-eabi/10.3.1/../../../../arm-none-eabi/lib/thumb/v7e-m+fp/hard\libc_nano.a
END GROUP
LOAD c:/boda_toolchain/gcc-arm-none-eabi-10.3-2021.10/bin/../lib/gcc/arm-none-eabi/10.3.1/thumb/v7e-m+fp/hard/crtend.o
LOAD c:/boda_toolchain/gcc-arm-none-eabi-10.3-2021.10/bin/../lib/gcc/arm-none-eabi/10.3.1/thumb/v7e-m+fp/hard/crtn.o
                0x20020000                _estack = (ORIGIN (RAM) + LENGTH (RAM))
                0x00000200                _Min_Heap_Size = 0x200
                0x00000400                _Min_Stack_Size = 0x400

.isr_vector     0x08000000      0x1c4
                0x08000000                . = ALIGN (0x4)
 *(.isr_vector)
 .isr_vector    0x08000000      0x1c4 build/startup_stm32f446xx.o
                0x08000000                g_pfnVectors
                0x080001c4                . = ALIGN (0x4)

.text           0x080001c4     0x1b98
                0x080001c4                . = ALIGN (0x4)
 *(.text)
 .text          0x080001c4       0x40 c:/boda_toolchain/gcc-arm-none-eabi-10.3-2021.10/bin/../lib/gcc/arm-none-eabi/10.3.1/thumb/v7e-m+fp/hard/crtbegin.o
 .text          0x08000204       0x30 c:/boda_toolchain/gcc-arm-none-eabi-10.3-2021.10/bin/../lib/gcc/arm-none-eabi/10.3.1/thumb/v7e-m+fp/hard\libgcc.a(_aeabi_uldivmod.o)
                0x08000204                __aeabi_uldivmod
 .text          0x08000234      0x2d0 c:/boda_toolchain/gcc-arm-none-eabi-10.3-2021.10/bin/../lib/gcc/arm-none-eabi/10.3.1/thumb/v7e-m+fp/hard\libgcc.a(_udivmoddi4.o)
                0x08000234                __udivmoddi4
 .text          0x08000504        0x4 c:/boda_toolchain/gcc-arm-none-eabi-10.3-2021.10/bin/../lib/gcc/arm-none-eabi/10.3.1/thumb/v7e-m+fp/hard\libgcc.a(_dvmd_tls.o)
                0x08000504                __aeabi_idiv0
                0x08000504                __aeabi_ldiv0
 *(.text*)
 .text.delay_2_25us
                0x08000508       0x28 build/main.o
 .text.MX_GPIO_Init
                0x08000530      0x10c build/main.o
 .text.PS2_TEST
                0x0800063c       0xf8 build/main.o
 .text.Error_Handler
                0x08000734        0x4 build/main.o
                0x08000734                Error_Handler
 .text.MX_SPI2_Init
                0x08000738       0x48 build/main.o
 .text.MX_TIM1_Init
                0x08000780       0x6c build/main.o
 .text.MX_TIM3_Init
                0x080007ec       0x68 build/main.o
 .text.MX_USART2_UART_Init
                0x08000854       0x38 build/main.o
 .text.SystemClock_Config
                0x0800088c       0xa4 build/main.o
                0x0800088c                SystemClock_Config
 .text.main     0x08000930       0xd8 build/main.o
                0x08000930                main
 .text.NMI_Handler
                0x08000a08        0x2 build/stm32f4xx_it.o
                0x08000a08                NMI_Handler
 .text.HardFault_Handler
                0x08000a0a        0x2 build/stm32f4xx_it.o
                0x08000a0a                HardFault_Handler
 .text.MemManage_Handler
                0x08000a0c        0x2 build/stm32f4xx_it.o
                0x08000a0c                MemManage_Handler
 .text.BusFault_Handler
                0x08000a0e        0x2 build/stm32f4xx_it.o
                0x08000a0e                BusFault_Handler
 .text.UsageFault_Handler
                0x08000a10        0x2 build/stm32f4xx_it.o
                0x08000a10                UsageFault_Handler
 .text.SVC_Handler
                0x08000a12        0x2 build/stm32f4xx_it.o
                0x08000a12                SVC_Handler
 .text.DebugMon_Handler
                0x08000a14        0x2 build/stm32f4xx_it.o
                0x08000a14                DebugMon_Handler
 .text.PendSV_Handler
                0x08000a16        0x2 build/stm32f4xx_it.o
                0x08000a16                PendSV_Handler
 .text.SysTick_Handler
                0x08000a18        0x8 build/stm32f4xx_it.o
                0x08000a18                SysTick_Handler
 .text.HAL_MspInit
                0x08000a20       0x40 build/stm32f4xx_hal_msp.o
                0x08000a20                HAL_MspInit
 .text.HAL_TIM_Base_MspInit
                0x08000a60       0x54 build/stm32f4xx_hal_msp.o
                0x08000a60                HAL_TIM_Base_MspInit
 .text.HAL_UART_MspInit
                0x08000ab4       0x70 build/stm32f4xx_hal_msp.o
                0x08000ab4                HAL_UART_MspInit
 .text.TIM_TI1_ConfigInputStage
                0x08000b24       0x26 build/stm32f4xx_hal_tim.o
 .text.TIM_TI2_ConfigInputStage
                0x08000b4a       0x28 build/stm32f4xx_hal_tim.o
 .text.TIM_ITRx_SetConfig
                0x08000b72       0x10 build/stm32f4xx_hal_tim.o
 *fill*         0x08000b82        0x2 
 .text.HAL_TIM_Base_Start
                0x08000b84       0x7c build/stm32f4xx_hal_tim.o
                0x08000b84                HAL_TIM_Base_Start
 .text.TIM_Base_SetConfig
                0x08000c00       0xc8 build/stm32f4xx_hal_tim.o
                0x08000c00                TIM_Base_SetConfig
 .text.HAL_TIM_Base_Init
                0x08000cc8       0x58 build/stm32f4xx_hal_tim.o
                0x08000cc8                HAL_TIM_Base_Init
 .text.TIM_ETR_SetConfig
                0x08000d20       0x1a build/stm32f4xx_hal_tim.o
                0x08000d20                TIM_ETR_SetConfig
 .text.HAL_TIM_ConfigClockSource
                0x08000d3a       0xfe build/stm32f4xx_hal_tim.o
                0x08000d3a                HAL_TIM_ConfigClockSource
 .text.HAL_TIMEx_MasterConfigSynchronization
                0x08000e38       0x8c build/stm32f4xx_hal_tim_ex.o
                0x08000e38                HAL_TIMEx_MasterConfigSynchronization
 .text.UART_SetConfig
                0x08000ec4      0x110 build/stm32f4xx_hal_uart.o
 .text.UART_WaitOnFlagUntilTimeout
                0x08000fd4       0x88 build/stm32f4xx_hal_uart.o
 .text.HAL_UART_Init
                0x0800105c       0x5e build/stm32f4xx_hal_uart.o
                0x0800105c                HAL_UART_Init
 .text.HAL_UART_Transmit
                0x080010ba       0xd8 build/stm32f4xx_hal_uart.o
                0x080010ba                HAL_UART_Transmit
 *fill*         0x08001192        0x2 
 .text.HAL_RCC_ClockConfig
                0x08001194      0x160 build/stm32f4xx_hal_rcc.o
                0x08001194                HAL_RCC_ClockConfig
 .text.HAL_RCC_GetHCLKFreq
                0x080012f4        0xc build/stm32f4xx_hal_rcc.o
                0x080012f4                HAL_RCC_GetHCLKFreq
 .text.HAL_RCC_GetPCLK1Freq
                0x08001300       0x20 build/stm32f4xx_hal_rcc.o
                0x08001300                HAL_RCC_GetPCLK1Freq
 .text.HAL_RCC_GetPCLK2Freq
                0x08001320       0x20 build/stm32f4xx_hal_rcc.o
                0x08001320                HAL_RCC_GetPCLK2Freq
 .text.HAL_RCC_GetSysClockFreq
                0x08001340      0x180 build/stm32f4xx_hal_rcc_ex.o
                0x08001340                HAL_RCC_GetSysClockFreq
 .text.HAL_RCC_OscConfig
                0x080014c0      0x444 build/stm32f4xx_hal_rcc_ex.o
                0x080014c0                HAL_RCC_OscConfig
 .text.HAL_GPIO_Init
                0x08001904      0x1d8 build/stm32f4xx_hal_gpio.o
                0x08001904                HAL_GPIO_Init
 .text.HAL_GPIO_WritePin
                0x08001adc        0xc build/stm32f4xx_hal_gpio.o
                0x08001adc                HAL_GPIO_WritePin
 .text.HAL_GPIO_TogglePin
                0x08001ae8       0x12 build/stm32f4xx_hal_gpio.o
                0x08001ae8                HAL_GPIO_TogglePin
 *fill*         0x08001afa        0x2 
 .text.HAL_NVIC_SetPriorityGrouping
                0x08001afc       0x24 build/stm32f4xx_hal_cortex.o
                0x08001afc                HAL_NVIC_SetPriorityGrouping
 .text.HAL_NVIC_SetPriority
                0x08001b20       0x70 build/stm32f4xx_hal_cortex.o
                0x08001b20                HAL_NVIC_SetPriority
 .text.HAL_SYSTICK_Config
                0x08001b90       0x28 build/stm32f4xx_hal_cortex.o
                0x08001b90                HAL_SYSTICK_Config
 .text.HAL_InitTick
                0x08001bb8       0x4c build/stm32f4xx_hal.o
                0x08001bb8                HAL_InitTick
 .text.HAL_Init
                0x08001c04       0x34 build/stm32f4xx_hal.o
                0x08001c04                HAL_Init
 .text.HAL_IncTick
                0x08001c38       0x18 build/stm32f4xx_hal.o
                0x08001c38                HAL_IncTick
 .text.HAL_GetTick
                0x08001c50        0xc build/stm32f4xx_hal.o
                0x08001c50                HAL_GetTick
 .text.HAL_Delay
                0x08001c5c       0x28 build/stm32f4xx_hal.o
                0x08001c5c                HAL_Delay
 .text.SystemInit
                0x08001c84       0x14 build/system_stm32f4xx.o
                0x08001c84                SystemInit
 .text.Reset_Handler
                0x08001c98       0x50 build/startup_stm32f446xx.o
                0x08001c98                Reset_Handler
 .text.Default_Handler
                0x08001ce8        0x2 build/startup_stm32f446xx.o
                0x08001ce8                RTC_Alarm_IRQHandler
                0x08001ce8                EXTI2_IRQHandler
                0x08001ce8                TIM8_CC_IRQHandler
                0x08001ce8                FMPI2C1_EV_IRQHandler
                0x08001ce8                SPI4_IRQHandler
                0x08001ce8                TIM1_CC_IRQHandler
                0x08001ce8                DMA2_Stream5_IRQHandler
                0x08001ce8                DMA1_Stream5_IRQHandler
                0x08001ce8                PVD_IRQHandler
                0x08001ce8                SDIO_IRQHandler
                0x08001ce8                TAMP_STAMP_IRQHandler
                0x08001ce8                CAN2_RX1_IRQHandler
                0x08001ce8                EXTI3_IRQHandler
                0x08001ce8                TIM8_TRG_COM_TIM14_IRQHandler
                0x08001ce8                TIM1_UP_TIM10_IRQHandler
                0x08001ce8                TIM8_UP_TIM13_IRQHandler
                0x08001ce8                I2C3_ER_IRQHandler
                0x08001ce8                EXTI0_IRQHandler
                0x08001ce8                I2C2_EV_IRQHandler
                0x08001ce8                DMA1_Stream2_IRQHandler
                0x08001ce8                CAN1_RX0_IRQHandler
                0x08001ce8                FPU_IRQHandler
                0x08001ce8                OTG_HS_WKUP_IRQHandler
                0x08001ce8                CAN2_SCE_IRQHandler
                0x08001ce8                DMA2_Stream2_IRQHandler
                0x08001ce8                SPI1_IRQHandler
                0x08001ce8                TIM6_DAC_IRQHandler
                0x08001ce8                TIM1_BRK_TIM9_IRQHandler
                0x08001ce8                DCMI_IRQHandler
                0x08001ce8                CAN2_RX0_IRQHandler
                0x08001ce8                DMA2_Stream3_IRQHandler
                0x08001ce8                SAI2_IRQHandler
                0x08001ce8                USART6_IRQHandler
                0x08001ce8                USART3_IRQHandler
                0x08001ce8                CAN1_RX1_IRQHandler
                0x08001ce8                UART5_IRQHandler
                0x08001ce8                DMA2_Stream0_IRQHandler
                0x08001ce8                TIM4_IRQHandler
                0x08001ce8                QUADSPI_IRQHandler
                0x08001ce8                I2C1_EV_IRQHandler
                0x08001ce8                DMA1_Stream6_IRQHandler
                0x08001ce8                DMA1_Stream1_IRQHandler
                0x08001ce8                UART4_IRQHandler
                0x08001ce8                TIM3_IRQHandler
                0x08001ce8                RCC_IRQHandler
                0x08001ce8                TIM8_BRK_TIM12_IRQHandler
                0x08001ce8                Default_Handler
                0x08001ce8                CEC_IRQHandler
                0x08001ce8                EXTI15_10_IRQHandler
                0x08001ce8                ADC_IRQHandler
                0x08001ce8                DMA1_Stream7_IRQHandler
                0x08001ce8                TIM7_IRQHandler
                0x08001ce8                CAN2_TX_IRQHandler
                0x08001ce8                TIM5_IRQHandler
                0x08001ce8                DMA2_Stream7_IRQHandler
                0x08001ce8                I2C3_EV_IRQHandler
                0x08001ce8                EXTI9_5_IRQHandler
                0x08001ce8                RTC_WKUP_IRQHandler
                0x08001ce8                SPDIF_RX_IRQHandler
                0x08001ce8                SPI2_IRQHandler
                0x08001ce8                OTG_HS_EP1_IN_IRQHandler
                0x08001ce8                DMA1_Stream0_IRQHandler
                0x08001ce8                CAN1_TX_IRQHandler
                0x08001ce8                FMPI2C1_ER_IRQHandler
                0x08001ce8                EXTI4_IRQHandler
                0x08001ce8                OTG_HS_EP1_OUT_IRQHandler
                0x08001ce8                WWDG_IRQHandler
                0x08001ce8                TIM2_IRQHandler
                0x08001ce8                OTG_FS_WKUP_IRQHandler
                0x08001ce8                TIM1_TRG_COM_TIM11_IRQHandler
                0x08001ce8                OTG_HS_IRQHandler
                0x08001ce8                EXTI1_IRQHandler
                0x08001ce8                USART2_IRQHandler
                0x08001ce8                I2C2_ER_IRQHandler
                0x08001ce8                DMA2_Stream1_IRQHandler
                0x08001ce8                CAN1_SCE_IRQHandler
                0x08001ce8                FLASH_IRQHandler
                0x08001ce8                DMA2_Stream4_IRQHandler
                0x08001ce8                USART1_IRQHandler
                0x08001ce8                OTG_FS_IRQHandler
                0x08001ce8                SPI3_IRQHandler
                0x08001ce8                DMA1_Stream4_IRQHandler
                0x08001ce8                I2C1_ER_IRQHandler
                0x08001ce8                FMC_IRQHandler
                0x08001ce8                DMA2_Stream6_IRQHandler
                0x08001ce8                SAI1_IRQHandler
                0x08001ce8                DMA1_Stream3_IRQHandler
 *fill*         0x08001cea        0x2 
 .text.__libc_init_array
                0x08001cec       0x48 c:/boda_toolchain/gcc-arm-none-eabi-10.3-2021.10/bin/../lib/gcc/arm-none-eabi/10.3.1/../../../../arm-none-eabi/lib/thumb/v7e-m+fp/hard\libc_nano.a(lib_a-init.o)
                0x08001cec                __libc_init_array
 .text.memset   0x08001d34       0x10 c:/boda_toolchain/gcc-arm-none-eabi-10.3-2021.10/bin/../lib/gcc/arm-none-eabi/10.3.1/../../../../arm-none-eabi/lib/thumb/v7e-m+fp/hard\libc_nano.a(lib_a-memset.o)
                0x08001d34                memset
 *(.glue_7)
 .glue_7        0x08001d44        0x0 linker stubs
 *(.glue_7t)
 .glue_7t       0x08001d44        0x0 linker stubs
 *(.eh_frame)
 .eh_frame      0x08001d44        0x0 c:/boda_toolchain/gcc-arm-none-eabi-10.3-2021.10/bin/../lib/gcc/arm-none-eabi/10.3.1/thumb/v7e-m+fp/hard/crtbegin.o
 *(.init)
 .init          0x08001d44        0x4 c:/boda_toolchain/gcc-arm-none-eabi-10.3-2021.10/bin/../lib/gcc/arm-none-eabi/10.3.1/thumb/v7e-m+fp/hard/crti.o
                0x08001d44                _init
 .init          0x08001d48        0x8 c:/boda_toolchain/gcc-arm-none-eabi-10.3-2021.10/bin/../lib/gcc/arm-none-eabi/10.3.1/thumb/v7e-m+fp/hard/crtn.o
 *(.fini)
 .fini          0x08001d50        0x4 c:/boda_toolchain/gcc-arm-none-eabi-10.3-2021.10/bin/../lib/gcc/arm-none-eabi/10.3.1/thumb/v7e-m+fp/hard/crti.o
                0x08001d50                _fini
 .fini          0x08001d54        0x8 c:/boda_toolchain/gcc-arm-none-eabi-10.3-2021.10/bin/../lib/gcc/arm-none-eabi/10.3.1/thumb/v7e-m+fp/hard/crtn.o
                0x08001d5c                . = ALIGN (0x4)
                0x08001d5c                _etext = .

.vfp11_veneer   0x08001d5c        0x0
 .vfp11_veneer  0x08001d5c        0x0 linker stubs

.v4_bx          0x08001d5c        0x0
 .v4_bx         0x08001d5c        0x0 linker stubs

.iplt           0x08001d5c        0x0
 .iplt          0x08001d5c        0x0 c:/boda_toolchain/gcc-arm-none-eabi-10.3-2021.10/bin/../lib/gcc/arm-none-eabi/10.3.1/thumb/v7e-m+fp/hard/crtbegin.o

.rodata         0x08001d5c       0x30
                0x08001d5c                . = ALIGN (0x4)
 *(.rodata)
 *(.rodata*)
 .rodata.main.str1.4
                0x08001d5c       0x15 build/main.o
 *fill*         0x08001d71        0x3 
 .rodata.AHBPrescTable
                0x08001d74       0x10 build/system_stm32f4xx.o
                0x08001d74                AHBPrescTable
 .rodata.APBPrescTable
                0x08001d84        0x8 build/system_stm32f4xx.o
                0x08001d84                APBPrescTable
                0x08001d8c                . = ALIGN (0x4)

.ARM.extab
 *(.ARM.extab* .gnu.linkonce.armextab.*)

.ARM            0x08001d8c        0x8
                0x08001d8c                __exidx_start = .
 *(.ARM.exidx*)
 .ARM.exidx     0x08001d8c        0x8 c:/boda_toolchain/gcc-arm-none-eabi-10.3-2021.10/bin/../lib/gcc/arm-none-eabi/10.3.1/thumb/v7e-m+fp/hard\libgcc.a(_udivmoddi4.o)
                0x08001d94                __exidx_end = .

.rel.dyn        0x08001d94        0x0
 .rel.iplt      0x08001d94        0x0 c:/boda_toolchain/gcc-arm-none-eabi-10.3-2021.10/bin/../lib/gcc/arm-none-eabi/10.3.1/thumb/v7e-m+fp/hard/crtbegin.o

.preinit_array  0x08001d94        0x0
                0x08001d94                PROVIDE (__preinit_array_start = .)
 *(.preinit_array*)
                0x08001d94                PROVIDE (__preinit_array_end = .)

.init_array     0x08001d94        0x4
                0x08001d94                PROVIDE (__init_array_start = .)
 *(SORT_BY_NAME(.init_array.*))
 *(.init_array*)
 .init_array    0x08001d94        0x4 c:/boda_toolchain/gcc-arm-none-eabi-10.3-2021.10/bin/../lib/gcc/arm-none-eabi/10.3.1/thumb/v7e-m+fp/hard/crtbegin.o
                0x08001d98                PROVIDE (__init_array_end = .)

.fini_array     0x08001d98        0x4
                [!provide]                PROVIDE (__fini_array_start = .)
 *(SORT_BY_NAME(.fini_array.*))
 *(.fini_array*)
 .fini_array    0x08001d98        0x4 c:/boda_toolchain/gcc-arm-none-eabi-10.3-2021.10/bin/../lib/gcc/arm-none-eabi/10.3.1/thumb/v7e-m+fp/hard/crtbegin.o
                [!provide]                PROVIDE (__fini_array_end = .)
                0x08001d9c                _sidata = LOADADDR (.data)

.data           0x20000000        0xc load address 0x08001d9c
                0x20000000                . = ALIGN (0x4)
                0x20000000                _sdata = .
 *(.data)
 *(.data*)
 .data.uwTickFreq
                0x20000000        0x1 build/stm32f4xx_hal.o
                0x20000000                uwTickFreq
 *fill*         0x20000001        0x3 
 .data.uwTickPrio
                0x20000004        0x4 build/stm32f4xx_hal.o
                0x20000004                uwTickPrio
 .data.SystemCoreClock
                0x20000008        0x4 build/system_stm32f4xx.o
                0x20000008                SystemCoreClock
                0x2000000c                . = ALIGN (0x4)
                0x2000000c                _edata = .

.igot.plt       0x2000000c        0x0 load address 0x08001da8
 .igot.plt      0x2000000c        0x0 c:/boda_toolchain/gcc-arm-none-eabi-10.3-2021.10/bin/../lib/gcc/arm-none-eabi/10.3.1/thumb/v7e-m+fp/hard/crtbegin.o
                0x2000000c                . = ALIGN (0x4)

.bss            0x2000000c      0x170 load address 0x08001da8
                0x2000000c                _sbss = .
                0x2000000c                __bss_start__ = _sbss
 *(.bss)
 .bss           0x2000000c       0x1c c:/boda_toolchain/gcc-arm-none-eabi-10.3-2021.10/bin/../lib/gcc/arm-none-eabi/10.3.1/thumb/v7e-m+fp/hard/crtbegin.o
 *(.bss*)
 .bss.PS2DataIn
                0x20000028       0x24 build/main.o
                0x20000028                PS2DataIn
 .bss.hspi2     0x2000004c       0x58 build/main.o
                0x2000004c                hspi2
 .bss.htim1     0x200000a4       0x48 build/main.o
                0x200000a4                htim1
 .bss.htim3     0x200000ec       0x48 build/main.o
                0x200000ec                htim3
 .bss.huart2    0x20000134       0x44 build/main.o
                0x20000134                huart2
 .bss.uwTick    0x20000178        0x4 build/stm32f4xx_hal.o
                0x20000178                uwTick
 *(COMMON)
                0x2000017c                . = ALIGN (0x4)
                0x2000017c                _ebss = .
                0x2000017c                __bss_end__ = _ebss

._user_heap_stack
                0x2000017c      0x604 load address 0x08001da8
                0x20000180                . = ALIGN (0x8)
 *fill*         0x2000017c        0x4 
                [!provide]                PROVIDE (end = .)
                [!provide]                PROVIDE (_end = .)
                0x20000380                . = (. + _Min_Heap_Size)
 *fill*         0x20000180      0x200 
                0x20000780                . = (. + _Min_Stack_Size)
 *fill*         0x20000380      0x400 
                0x20000780                . = ALIGN (0x8)

/DISCARD/
 libc.a(*)
 libm.a(*)
 libgcc.a(*)

.ARM.attributes
                0x00000000       0x30
 *(.ARM.attributes)
 .ARM.attributes
                0x00000000       0x1e c:/boda_toolchain/gcc-arm-none-eabi-10.3-2021.10/bin/../lib/gcc/arm-none-eabi/10.3.1/thumb/v7e-m+fp/hard/crti.o
 .ARM.attributes
                0x0000001e       0x34 c:/boda_toolchain/gcc-arm-none-eabi-10.3-2021.10/bin/../lib/gcc/arm-none-eabi/10.3.1/thumb/v7e-m+fp/hard/crtbegin.o
 .ARM.attributes
                0x00000052       0x34 build/main.o
 .ARM.attributes
                0x00000086       0x34 build/stm32f4xx_it.o
 .ARM.attributes
                0x000000ba       0x34 build/stm32f4xx_hal_msp.o
 .ARM.attributes
                0x000000ee       0x34 build/stm32f4xx_hal_tim.o
 .ARM.attributes
                0x00000122       0x34 build/stm32f4xx_hal_tim_ex.o
 .ARM.attributes
                0x00000156       0x34 build/stm32f4xx_hal_uart.o
 .ARM.attributes
                0x0000018a       0x34 build/stm32f4xx_hal_rcc.o
 .ARM.attributes
                0x000001be       0x34 build/stm32f4xx_hal_rcc_ex.o
 .ARM.attributes
                0x000001f2       0x34 build/stm32f4xx_hal_gpio.o
 .ARM.attributes
                0x00000226       0x34 build/stm32f4xx_hal_cortex.o
 .ARM.attributes
                0x0000025a       0x34 build/stm32f4xx_hal.o
 .ARM.attributes
                0x0000028e       0x34 build/system_stm32f4xx.o
 .ARM.attributes
                0x000002c2       0x21 build/startup_stm32f446xx.o
 .ARM.attributes
                0x000002e3       0x34 c:/boda_toolchain/gcc-arm-none-eabi-10.3-2021.10/bin/../lib/gcc/arm-none-eabi/10.3.1/../../../../arm-none-eabi/lib/thumb/v7e-m+fp/hard\libc_nano.a(lib_a-init.o)
 .ARM.attributes
                0x00000317       0x34 c:/boda_toolchain/gcc-arm-none-eabi-10.3-2021.10/bin/../lib/gcc/arm-none-eabi/10.3.1/../../../../arm-none-eabi/lib/thumb/v7e-m+fp/hard\libc_nano.a(lib_a-memset.o)
 .ARM.attributes
                0x0000034b       0x1e c:/boda_toolchain/gcc-arm-none-eabi-10.3-2021.10/bin/../lib/gcc/arm-none-eabi/10.3.1/thumb/v7e-m+fp/hard\libgcc.a(_aeabi_uldivmod.o)
 .ARM.attributes
                0x00000369       0x34 c:/boda_toolchain/gcc-arm-none-eabi-10.3-2021.10/bin/../lib/gcc/arm-none-eabi/10.3.1/thumb/v7e-m+fp/hard\libgcc.a(_udivmoddi4.o)
 .ARM.attributes
                0x0000039d       0x1e c:/boda_toolchain/gcc-arm-none-eabi-10.3-2021.10/bin/../lib/gcc/arm-none-eabi/10.3.1/thumb/v7e-m+fp/hard\libgcc.a(_dvmd_tls.o)
 .ARM.attributes
                0x000003bb       0x1e c:/boda_toolchain/gcc-arm-none-eabi-10.3-2021.10/bin/../lib/gcc/arm-none-eabi/10.3.1/thumb/v7e-m+fp/hard/crtn.o
OUTPUT(build/Example.elf elf32-littlearm)
LOAD linker stubs
LOAD c:/boda_toolchain/gcc-arm-none-eabi-10.3-2021.10/bin/../lib/gcc/arm-none-eabi/10.3.1/../../../../arm-none-eabi/lib/thumb/v7e-m+fp/hard\libc.a
LOAD c:/boda_toolchain/gcc-arm-none-eabi-10.3-2021.10/bin/../lib/gcc/arm-none-eabi/10.3.1/../../../../arm-none-eabi/lib/thumb/v7e-m+fp/hard\libm.a
LOAD c:/boda_toolchain/gcc-arm-none-eabi-10.3-2021.10/bin/../lib/gcc/arm-none-eabi/10.3.1/thumb/v7e-m+fp/hard\libgcc.a

.debug_info     0x00000000    0x116e0
 .debug_info    0x00000000     0x1c3e build/main.o
 .debug_info    0x00001c3e      0x15a build/stm32f4xx_it.o
 .debug_info    0x00001d98     0x1310 build/stm32f4xx_hal_msp.o
 .debug_info    0x000030a8     0x4061 build/stm32f4xx_hal_tim.o
 .debug_info    0x00007109     0x1c6a build/stm32f4xx_hal_tim_ex.o
 .debug_info    0x00008d73     0x43e7 build/stm32f4xx_hal_uart.o
 .debug_info    0x0000d15a      0xc39 build/stm32f4xx_hal_rcc.o
 .debug_info    0x0000dd93      0xdc5 build/stm32f4xx_hal_rcc_ex.o
 .debug_info    0x0000eb58      0x8ac build/stm32f4xx_hal_gpio.o
 .debug_info    0x0000f404     0x1192 build/stm32f4xx_hal_cortex.o
 .debug_info    0x00010596      0xb31 build/stm32f4xx_hal.o
 .debug_info    0x000110c7      0x5f7 build/system_stm32f4xx.o
 .debug_info    0x000116be       0x22 build/startup_stm32f446xx.o

.debug_abbrev   0x00000000     0x1bda
 .debug_abbrev  0x00000000      0x2f2 build/main.o
 .debug_abbrev  0x000002f2       0x81 build/stm32f4xx_it.o
 .debug_abbrev  0x00000373      0x22a build/stm32f4xx_hal_msp.o
 .debug_abbrev  0x0000059d      0x282 build/stm32f4xx_hal_tim.o
 .debug_abbrev  0x0000081f      0x298 build/stm32f4xx_hal_tim_ex.o
 .debug_abbrev  0x00000ab7      0x356 build/stm32f4xx_hal_uart.o
 .debug_abbrev  0x00000e0d      0x2aa build/stm32f4xx_hal_rcc.o
 .debug_abbrev  0x000010b7      0x240 build/stm32f4xx_hal_rcc_ex.o
 .debug_abbrev  0x000012f7      0x22b build/stm32f4xx_hal_gpio.o
 .debug_abbrev  0x00001522      0x382 build/stm32f4xx_hal_cortex.o
 .debug_abbrev  0x000018a4      0x209 build/stm32f4xx_hal.o
 .debug_abbrev  0x00001aad      0x11b build/system_stm32f4xx.o
 .debug_abbrev  0x00001bc8       0x12 build/startup_stm32f446xx.o

.debug_loc      0x00000000     0xf8ce
 .debug_loc     0x00000000      0x1f4 build/main.o
 .debug_loc     0x000001f4       0x20 build/stm32f4xx_it.o
 .debug_loc     0x00000214      0x240 build/stm32f4xx_hal_msp.o
 .debug_loc     0x00000454     0x5ba0 build/stm32f4xx_hal_tim.o
 .debug_loc     0x00005ff4     0x2137 build/stm32f4xx_hal_tim_ex.o
 .debug_loc     0x0000812b     0x4fef build/stm32f4xx_hal_uart.o
 .debug_loc     0x0000d11a      0x6e4 build/stm32f4xx_hal_rcc.o
 .debug_loc     0x0000d7fe     0x100b build/stm32f4xx_hal_rcc_ex.o
 .debug_loc     0x0000e809      0x5e8 build/stm32f4xx_hal_gpio.o
 .debug_loc     0x0000edf1      0x7a4 build/stm32f4xx_hal_cortex.o
 .debug_loc     0x0000f595      0x1e1 build/stm32f4xx_hal.o
 .debug_loc     0x0000f776      0x158 build/system_stm32f4xx.o

.debug_aranges  0x00000000      0xb90
 .debug_aranges
                0x00000000       0x68 build/main.o
 .debug_aranges
                0x00000068       0x60 build/stm32f4xx_it.o
 .debug_aranges
                0x000000c8       0x50 build/stm32f4xx_hal_msp.o
 .debug_aranges
                0x00000118      0x3d0 build/stm32f4xx_hal_tim.o
 .debug_aranges
                0x000004e8      0x168 build/stm32f4xx_hal_tim_ex.o
 .debug_aranges
                0x00000650      0x200 build/stm32f4xx_hal_uart.o
 .debug_aranges
                0x00000850       0x88 build/stm32f4xx_hal_rcc.o
 .debug_aranges
                0x000008d8       0x78 build/stm32f4xx_hal_rcc_ex.o
 .debug_aranges
                0x00000950       0x58 build/stm32f4xx_hal_gpio.o
 .debug_aranges
                0x000009a8       0xa8 build/stm32f4xx_hal_cortex.o
 .debug_aranges
                0x00000a50       0xf0 build/stm32f4xx_hal.o
 .debug_aranges
                0x00000b40       0x28 build/system_stm32f4xx.o
 .debug_aranges
                0x00000b68       0x28 build/startup_stm32f446xx.o

.debug_ranges   0x00000000      0xb70
 .debug_ranges  0x00000000       0x58 build/main.o
 .debug_ranges  0x00000058       0x50 build/stm32f4xx_it.o
 .debug_ranges  0x000000a8       0x40 build/stm32f4xx_hal_msp.o
 .debug_ranges  0x000000e8      0x3c0 build/stm32f4xx_hal_tim.o
 .debug_ranges  0x000004a8      0x158 build/stm32f4xx_hal_tim_ex.o
 .debug_ranges  0x00000600      0x208 build/stm32f4xx_hal_uart.o
 .debug_ranges  0x00000808       0x90 build/stm32f4xx_hal_rcc.o
 .debug_ranges  0x00000898       0x80 build/stm32f4xx_hal_rcc_ex.o
 .debug_ranges  0x00000918       0x48 build/stm32f4xx_hal_gpio.o
 .debug_ranges  0x00000960       0xf8 build/stm32f4xx_hal_cortex.o
 .debug_ranges  0x00000a58       0xe0 build/stm32f4xx_hal.o
 .debug_ranges  0x00000b38       0x18 build/system_stm32f4xx.o
 .debug_ranges  0x00000b50       0x20 build/startup_stm32f446xx.o

.debug_line     0x00000000     0xef9e
 .debug_line    0x00000000      0x7b4 build/main.o
 .debug_line    0x000007b4      0x177 build/stm32f4xx_it.o
 .debug_line    0x0000092b      0x421 build/stm32f4xx_hal_msp.o
 .debug_line    0x00000d4c     0x4a9e build/stm32f4xx_hal_tim.o
 .debug_line    0x000057ea     0x1cc2 build/stm32f4xx_hal_tim_ex.o
 .debug_line    0x000074ac     0x45ea build/stm32f4xx_hal_uart.o
 .debug_line    0x0000ba96      0xb13 build/stm32f4xx_hal_rcc.o
 .debug_line    0x0000c5a9     0x138b build/stm32f4xx_hal_rcc_ex.o
 .debug_line    0x0000d934      0x6d3 build/stm32f4xx_hal_gpio.o
 .debug_line    0x0000e007      0x774 build/stm32f4xx_hal_cortex.o
 .debug_line    0x0000e77b      0x561 build/stm32f4xx_hal.o
 .debug_line    0x0000ecdc      0x24c build/system_stm32f4xx.o
 .debug_line    0x0000ef28       0x76 build/startup_stm32f446xx.o

.debug_str      0x00000000     0x3da4
 .debug_str     0x00000000      0xed5 build/main.o
                                0xfd3 (size before relaxing)
 .debug_str     0x00000ed5       0xb4 build/stm32f4xx_it.o
                                0x225 (size before relaxing)
 .debug_str     0x00000f89       0xd8 build/stm32f4xx_hal_msp.o
                                0xca6 (size before relaxing)
 .debug_str     0x00001061      0xe92 build/stm32f4xx_hal_tim.o
                               0x16af (size before relaxing)
 .debug_str     0x00001ef3      0x521 build/stm32f4xx_hal_tim_ex.o
                                0xeb0 (size before relaxing)
 .debug_str     0x00002414      0x66e build/stm32f4xx_hal_uart.o
                                0xd4f (size before relaxing)
 .debug_str     0x00002a82      0x1c8 build/stm32f4xx_hal_rcc.o
                                0x726 (size before relaxing)
 .debug_str     0x00002c4a      0x344 build/stm32f4xx_hal_rcc_ex.o
                                0x80d (size before relaxing)
 .debug_str     0x00002f8e      0x10d build/stm32f4xx_hal_gpio.o
                                0x4fb (size before relaxing)
 .debug_str     0x0000309b      0xa09 build/stm32f4xx_hal_cortex.o
                                0xc63 (size before relaxing)
 .debug_str     0x00003aa4      0x295 build/stm32f4xx_hal.o
                                0xbb6 (size before relaxing)
 .debug_str     0x00003d39       0x47 build/system_stm32f4xx.o
                                0x390 (size before relaxing)
 .debug_str     0x00003d80       0x24 build/startup_stm32f446xx.o
                                 0x60 (size before relaxing)

.comment        0x00000000       0x49
 .comment       0x00000000       0x49 build/main.o
                                 0x4a (size before relaxing)
 .comment       0x00000049       0x4a build/stm32f4xx_it.o
 .comment       0x00000049       0x4a build/stm32f4xx_hal_msp.o
 .comment       0x00000049       0x4a build/stm32f4xx_hal_tim.o
 .comment       0x00000049       0x4a build/stm32f4xx_hal_tim_ex.o
 .comment       0x00000049       0x4a build/stm32f4xx_hal_uart.o
 .comment       0x00000049       0x4a build/stm32f4xx_hal_rcc.o
 .comment       0x00000049       0x4a build/stm32f4xx_hal_rcc_ex.o
 .comment       0x00000049       0x4a build/stm32f4xx_hal_gpio.o
 .comment       0x00000049       0x4a build/stm32f4xx_hal_cortex.o
 .comment       0x00000049       0x4a build/stm32f4xx_hal.o
 .comment       0x00000049       0x4a build/system_stm32f4xx.o

.debug_frame    0x00000000     0x1f28
 .debug_frame   0x00000000      0x12c build/main.o
 .debug_frame   0x0000012c       0xa8 build/stm32f4xx_it.o
 .debug_frame   0x000001d4       0xd0 build/stm32f4xx_hal_msp.o
 .debug_frame   0x000002a4      0xb0c build/stm32f4xx_hal_tim.o
 .debug_frame   0x00000db0      0x40c build/stm32f4xx_hal_tim_ex.o
 .debug_frame   0x000011bc      0x5cc build/stm32f4xx_hal_uart.o
 .debug_frame   0x00001788      0x16c build/stm32f4xx_hal_rcc.o
 .debug_frame   0x000018f4      0x14c build/stm32f4xx_hal_rcc_ex.o
 .debug_frame   0x00001a40       0xd8 build/stm32f4xx_hal_gpio.o
 .debug_frame   0x00001b18      0x148 build/stm32f4xx_hal_cortex.o
 .debug_frame   0x00001c60      0x1ec build/stm32f4xx_hal.o
 .debug_frame   0x00001e4c       0x30 build/system_stm32f4xx.o
 .debug_frame   0x00001e7c       0x2c c:/boda_toolchain/gcc-arm-none-eabi-10.3-2021.10/bin/../lib/gcc/arm-none-eabi/10.3.1/../../../../arm-none-eabi/lib/thumb/v7e-m+fp/hard\libc_nano.a(lib_a-init.o)
 .debug_frame   0x00001ea8       0x20 c:/boda_toolchain/gcc-arm-none-eabi-10.3-2021.10/bin/../lib/gcc/arm-none-eabi/10.3.1/../../../../arm-none-eabi/lib/thumb/v7e-m+fp/hard\libc_nano.a(lib_a-memset.o)
 .debug_frame   0x00001ec8       0x2c c:/boda_toolchain/gcc-arm-none-eabi-10.3-2021.10/bin/../lib/gcc/arm-none-eabi/10.3.1/thumb/v7e-m+fp/hard\libgcc.a(_aeabi_uldivmod.o)
 .debug_frame   0x00001ef4       0x34 c:/boda_toolchain/gcc-arm-none-eabi-10.3-2021.10/bin/../lib/gcc/arm-none-eabi/10.3.1/thumb/v7e-m+fp/hard\libgcc.a(_udivmoddi4.o)

Cross Reference Table

Symbol                                            File
ADC_IRQHandler                                    build/startup_stm32f446xx.o
AHBPrescTable                                     build/system_stm32f4xx.o
                                                  build/stm32f4xx_hal_rcc.o
APBPrescTable                                     build/system_stm32f4xx.o
                                                  build/stm32f4xx_hal_rcc.o
BusFault_Handler                                  build/stm32f4xx_it.o
CAN1_RX0_IRQHandler                               build/startup_stm32f446xx.o
CAN1_RX1_IRQHandler                               build/startup_stm32f446xx.o
CAN1_SCE_IRQHandler                               build/startup_stm32f446xx.o
CAN1_TX_IRQHandler                                build/startup_stm32f446xx.o
CAN2_RX0_IRQHandler                               build/startup_stm32f446xx.o
CAN2_RX1_IRQHandler                               build/startup_stm32f446xx.o
CAN2_SCE_IRQHandler                               build/startup_stm32f446xx.o
CAN2_TX_IRQHandler                                build/startup_stm32f446xx.o
CEC_IRQHandler                                    build/startup_stm32f446xx.o
DCMI_IRQHandler                                   build/startup_stm32f446xx.o
DMA1_Stream0_IRQHandler                           build/startup_stm32f446xx.o
DMA1_Stream1_IRQHandler                           build/startup_stm32f446xx.o
DMA1_Stream2_IRQHandler                           build/startup_stm32f446xx.o
DMA1_Stream3_IRQHandler                           build/startup_stm32f446xx.o
DMA1_Stream4_IRQHandler                           build/startup_stm32f446xx.o
DMA1_Stream5_IRQHandler                           build/startup_stm32f446xx.o
DMA1_Stream6_IRQHandler                           build/startup_stm32f446xx.o
DMA1_Stream7_IRQHandler                           build/startup_stm32f446xx.o
DMA2_Stream0_IRQHandler                           build/startup_stm32f446xx.o
DMA2_Stream1_IRQHandler                           build/startup_stm32f446xx.o
DMA2_Stream2_IRQHandler                           build/startup_stm32f446xx.o
DMA2_Stream3_IRQHandler                           build/startup_stm32f446xx.o
DMA2_Stream4_IRQHandler                           build/startup_stm32f446xx.o
DMA2_Stream5_IRQHandler                           build/startup_stm32f446xx.o
DMA2_Stream6_IRQHandler                           build/startup_stm32f446xx.o
DMA2_Stream7_IRQHandler                           build/startup_stm32f446xx.o
DebugMon_Handler                                  build/stm32f4xx_it.o
Default_Handler                                   build/startup_stm32f446xx.o
EXTI0_IRQHandler                                  build/startup_stm32f446xx.o
EXTI15_10_IRQHandler                              build/startup_stm32f446xx.o
EXTI1_IRQHandler                                  build/startup_stm32f446xx.o
EXTI2_IRQHandler                                  build/startup_stm32f446xx.o
EXTI3_IRQHandler                                  build/startup_stm32f446xx.o
EXTI4_IRQHandler                                  build/startup_stm32f446xx.o
EXTI9_5_IRQHandler                                build/startup_stm32f446xx.o
Error_Handler                                     build/main.o
FLASH_Erase_Sector                                build/stm32f4xx_hal_flash_ex.o
                                                  build/stm32f4xx_hal_flash.o
FLASH_FlushCaches                                 build/stm32f4xx_hal_flash_ex.o
                                                  build/stm32f4xx_hal_flash.o
FLASH_IRQHandler                                  build/startup_stm32f446xx.o
FLASH_WaitForLastOperation                        build/stm32f4xx_hal_flash.o
                                                  build/stm32f4xx_hal_flash_ex.o
FMC_IRQHandler                                    build/startup_stm32f446xx.o
FMPI2C1_ER_IRQHandler                             build/startup_stm32f446xx.o
FMPI2C1_EV_IRQHandler                             build/startup_stm32f446xx.o
FPU_IRQHandler                                    build/startup_stm32f446xx.o
HAL_DBGMCU_DisableDBGSleepMode                    build/stm32f4xx_hal.o
HAL_DBGMCU_DisableDBGStandbyMode                  build/stm32f4xx_hal.o
HAL_DBGMCU_DisableDBGStopMode                     build/stm32f4xx_hal.o
HAL_DBGMCU_EnableDBGSleepMode                     build/stm32f4xx_hal.o
HAL_DBGMCU_EnableDBGStandbyMode                   build/stm32f4xx_hal.o
HAL_DBGMCU_EnableDBGStopMode                      build/stm32f4xx_hal.o
HAL_DMAEx_ChangeMemory                            build/stm32f4xx_hal_dma_ex.o
HAL_DMAEx_MultiBufferStart                        build/stm32f4xx_hal_dma_ex.o
HAL_DMAEx_MultiBufferStart_IT                     build/stm32f4xx_hal_dma_ex.o
HAL_DMA_Abort                                     build/stm32f4xx_hal_dma.o
                                                  build/stm32f4xx_hal_uart.o
HAL_DMA_Abort_IT                                  build/stm32f4xx_hal_dma.o
                                                  build/stm32f4xx_hal_uart.o
                                                  build/stm32f4xx_hal_tim_ex.o
                                                  build/stm32f4xx_hal_tim.o
HAL_DMA_DeInit                                    build/stm32f4xx_hal_dma.o
HAL_DMA_GetError                                  build/stm32f4xx_hal_dma.o
                                                  build/stm32f4xx_hal_uart.o
HAL_DMA_GetState                                  build/stm32f4xx_hal_dma.o
HAL_DMA_IRQHandler                                build/stm32f4xx_hal_dma.o
HAL_DMA_Init                                      build/stm32f4xx_hal_dma.o
HAL_DMA_PollForTransfer                           build/stm32f4xx_hal_dma.o
HAL_DMA_RegisterCallback                          build/stm32f4xx_hal_dma.o
HAL_DMA_Start                                     build/stm32f4xx_hal_dma.o
HAL_DMA_Start_IT                                  build/stm32f4xx_hal_dma.o
                                                  build/stm32f4xx_hal_uart.o
                                                  build/stm32f4xx_hal_tim_ex.o
                                                  build/stm32f4xx_hal_tim.o
HAL_DMA_UnRegisterCallback                        build/stm32f4xx_hal_dma.o
HAL_DeInit                                        build/stm32f4xx_hal.o
HAL_Delay                                         build/stm32f4xx_hal.o
                                                  build/main.o
HAL_DisableCompensationCell                       build/stm32f4xx_hal.o
HAL_EXTI_ClearConfigLine                          build/stm32f4xx_hal_exti.o
HAL_EXTI_ClearPending                             build/stm32f4xx_hal_exti.o
HAL_EXTI_GenerateSWI                              build/stm32f4xx_hal_exti.o
HAL_EXTI_GetConfigLine                            build/stm32f4xx_hal_exti.o
HAL_EXTI_GetHandle                                build/stm32f4xx_hal_exti.o
HAL_EXTI_GetPending                               build/stm32f4xx_hal_exti.o
HAL_EXTI_IRQHandler                               build/stm32f4xx_hal_exti.o
HAL_EXTI_RegisterCallback                         build/stm32f4xx_hal_exti.o
HAL_EXTI_SetConfigLine                            build/stm32f4xx_hal_exti.o
HAL_EnableCompensationCell                        build/stm32f4xx_hal.o
HAL_FLASHEx_AdvOBGetConfig                        build/stm32f4xx_hal_flash_ex.o
HAL_FLASHEx_AdvOBProgram                          build/stm32f4xx_hal_flash_ex.o
HAL_FLASHEx_DisableFlashSleepMode                 build/stm32f4xx_hal_flash_ramfunc.o
HAL_FLASHEx_EnableFlashSleepMode                  build/stm32f4xx_hal_flash_ramfunc.o
HAL_FLASHEx_Erase                                 build/stm32f4xx_hal_flash_ex.o
HAL_FLASHEx_Erase_IT                              build/stm32f4xx_hal_flash_ex.o
HAL_FLASHEx_OBGetConfig                           build/stm32f4xx_hal_flash_ex.o
HAL_FLASHEx_OBProgram                             build/stm32f4xx_hal_flash_ex.o
HAL_FLASHEx_OB_DeSelectPCROP                      build/stm32f4xx_hal_flash_ex.o
HAL_FLASHEx_OB_SelectPCROP                        build/stm32f4xx_hal_flash_ex.o
HAL_FLASHEx_StartFlashInterfaceClk                build/stm32f4xx_hal_flash_ramfunc.o
HAL_FLASHEx_StopFlashInterfaceClk                 build/stm32f4xx_hal_flash_ramfunc.o
HAL_FLASH_EndOfOperationCallback                  build/stm32f4xx_hal_flash.o
HAL_FLASH_GetError                                build/stm32f4xx_hal_flash.o
HAL_FLASH_IRQHandler                              build/stm32f4xx_hal_flash.o
HAL_FLASH_Lock                                    build/stm32f4xx_hal_flash.o
HAL_FLASH_OB_Launch                               build/stm32f4xx_hal_flash.o
HAL_FLASH_OB_Lock                                 build/stm32f4xx_hal_flash.o
HAL_FLASH_OB_Unlock                               build/stm32f4xx_hal_flash.o
HAL_FLASH_OperationErrorCallback                  build/stm32f4xx_hal_flash.o
HAL_FLASH_Program                                 build/stm32f4xx_hal_flash.o
HAL_FLASH_Program_IT                              build/stm32f4xx_hal_flash.o
HAL_FLASH_Unlock                                  build/stm32f4xx_hal_flash.o
HAL_GPIO_DeInit                                   build/stm32f4xx_hal_gpio.o
                                                  build/stm32f4xx_hal_msp.o
HAL_GPIO_EXTI_Callback                            build/stm32f4xx_hal_gpio.o
HAL_GPIO_EXTI_IRQHandler                          build/stm32f4xx_hal_gpio.o
HAL_GPIO_Init                                     build/stm32f4xx_hal_gpio.o
                                                  build/stm32f4xx_hal_rcc.o
                                                  build/stm32f4xx_hal_msp.o
                                                  build/main.o
HAL_GPIO_LockPin                                  build/stm32f4xx_hal_gpio.o
HAL_GPIO_ReadPin                                  build/stm32f4xx_hal_gpio.o
HAL_GPIO_TogglePin                                build/stm32f4xx_hal_gpio.o
                                                  build/main.o
HAL_GPIO_WritePin                                 build/stm32f4xx_hal_gpio.o
                                                  build/main.o
HAL_GetDEVID                                      build/stm32f4xx_hal.o
HAL_GetHalVersion                                 build/stm32f4xx_hal.o
HAL_GetREVID                                      build/stm32f4xx_hal.o
HAL_GetTick                                       build/stm32f4xx_hal.o
                                                  build/stm32f4xx_hal_pwr_ex.o
                                                  build/stm32f4xx_hal_dma.o
                                                  build/stm32f4xx_hal_flash.o
                                                  build/stm32f4xx_hal_rcc_ex.o
                                                  build/stm32f4xx_hal_rcc.o
                                                  build/stm32f4xx_hal_uart.o
HAL_GetTickFreq                                   build/stm32f4xx_hal.o
HAL_GetTickPrio                                   build/stm32f4xx_hal.o
HAL_GetUIDw0                                      build/stm32f4xx_hal.o
HAL_GetUIDw1                                      build/stm32f4xx_hal.o
HAL_GetUIDw2                                      build/stm32f4xx_hal.o
HAL_HalfDuplex_EnableReceiver                     build/stm32f4xx_hal_uart.o
HAL_HalfDuplex_EnableTransmitter                  build/stm32f4xx_hal_uart.o
HAL_HalfDuplex_Init                               build/stm32f4xx_hal_uart.o
HAL_IncTick                                       build/stm32f4xx_hal.o
                                                  build/stm32f4xx_it.o
HAL_Init                                          build/stm32f4xx_hal.o
                                                  build/main.o
HAL_InitTick                                      build/stm32f4xx_hal.o
                                                  build/stm32f4xx_hal_rcc_ex.o
                                                  build/stm32f4xx_hal_rcc.o
HAL_LIN_Init                                      build/stm32f4xx_hal_uart.o
HAL_LIN_SendBreak                                 build/stm32f4xx_hal_uart.o
HAL_MPU_ConfigRegion                              build/stm32f4xx_hal_cortex.o
HAL_MPU_Disable                                   build/stm32f4xx_hal_cortex.o
HAL_MPU_Enable                                    build/stm32f4xx_hal_cortex.o
HAL_MspDeInit                                     build/stm32f4xx_hal.o
HAL_MspInit                                       build/stm32f4xx_hal_msp.o
HAL_MultiProcessor_EnterMuteMode                  build/stm32f4xx_hal_uart.o
HAL_MultiProcessor_ExitMuteMode                   build/stm32f4xx_hal_uart.o
HAL_MultiProcessor_Init                           build/stm32f4xx_hal_uart.o
HAL_NVIC_ClearPendingIRQ                          build/stm32f4xx_hal_cortex.o
HAL_NVIC_DisableIRQ                               build/stm32f4xx_hal_cortex.o
HAL_NVIC_EnableIRQ                                build/stm32f4xx_hal_cortex.o
HAL_NVIC_GetActive                                build/stm32f4xx_hal_cortex.o
HAL_NVIC_GetPendingIRQ                            build/stm32f4xx_hal_cortex.o
HAL_NVIC_GetPriority                              build/stm32f4xx_hal_cortex.o
HAL_NVIC_GetPriorityGrouping                      build/stm32f4xx_hal_cortex.o
HAL_NVIC_SetPendingIRQ                            build/stm32f4xx_hal_cortex.o
HAL_NVIC_SetPriority                              build/stm32f4xx_hal_cortex.o
                                                  build/stm32f4xx_hal.o
HAL_NVIC_SetPriorityGrouping                      build/stm32f4xx_hal_cortex.o
                                                  build/stm32f4xx_hal.o
                                                  build/stm32f4xx_hal_msp.o
HAL_NVIC_SystemReset                              build/stm32f4xx_hal_cortex.o
HAL_PWREx_ControlVoltageScaling                   build/stm32f4xx_hal_pwr_ex.o
HAL_PWREx_DisableBkUpReg                          build/stm32f4xx_hal_pwr_ex.o
HAL_PWREx_DisableFlashPowerDown                   build/stm32f4xx_hal_pwr_ex.o
HAL_PWREx_DisableOverDrive                        build/stm32f4xx_hal_pwr_ex.o
HAL_PWREx_EnableBkUpReg                           build/stm32f4xx_hal_pwr_ex.o
HAL_PWREx_EnableFlashPowerDown                    build/stm32f4xx_hal_pwr_ex.o
HAL_PWREx_EnableOverDrive                         build/stm32f4xx_hal_pwr_ex.o
HAL_PWREx_EnterUnderDriveSTOPMode                 build/stm32f4xx_hal_pwr_ex.o
HAL_PWREx_GetVoltageRange                         build/stm32f4xx_hal_pwr_ex.o
HAL_PWR_ConfigPVD                                 build/stm32f4xx_hal_pwr.o
HAL_PWR_DeInit                                    build/stm32f4xx_hal_pwr.o
HAL_PWR_DisableBkUpAccess                         build/stm32f4xx_hal_pwr.o
HAL_PWR_DisablePVD                                build/stm32f4xx_hal_pwr.o
HAL_PWR_DisableSEVOnPend                          build/stm32f4xx_hal_pwr.o
HAL_PWR_DisableSleepOnExit                        build/stm32f4xx_hal_pwr.o
HAL_PWR_DisableWakeUpPin                          build/stm32f4xx_hal_pwr.o
HAL_PWR_EnableBkUpAccess                          build/stm32f4xx_hal_pwr.o
HAL_PWR_EnablePVD                                 build/stm32f4xx_hal_pwr.o
HAL_PWR_EnableSEVOnPend                           build/stm32f4xx_hal_pwr.o
HAL_PWR_EnableSleepOnExit                         build/stm32f4xx_hal_pwr.o
HAL_PWR_EnableWakeUpPin                           build/stm32f4xx_hal_pwr.o
HAL_PWR_EnterSLEEPMode                            build/stm32f4xx_hal_pwr.o
HAL_PWR_EnterSTANDBYMode                          build/stm32f4xx_hal_pwr.o
HAL_PWR_EnterSTOPMode                             build/stm32f4xx_hal_pwr.o
HAL_PWR_PVDCallback                               build/stm32f4xx_hal_pwr.o
HAL_PWR_PVD_IRQHandler                            build/stm32f4xx_hal_pwr.o
HAL_RCCEx_DisablePLLI2S                           build/stm32f4xx_hal_rcc_ex.o
HAL_RCCEx_DisablePLLSAI                           build/stm32f4xx_hal_rcc_ex.o
HAL_RCCEx_EnablePLLI2S                            build/stm32f4xx_hal_rcc_ex.o
HAL_RCCEx_EnablePLLSAI                            build/stm32f4xx_hal_rcc_ex.o
HAL_RCCEx_GetPeriphCLKConfig                      build/stm32f4xx_hal_rcc_ex.o
HAL_RCCEx_GetPeriphCLKFreq                        build/stm32f4xx_hal_rcc_ex.o
HAL_RCCEx_PeriphCLKConfig                         build/stm32f4xx_hal_rcc_ex.o
HAL_RCCEx_SelectLSEMode                           build/stm32f4xx_hal_rcc_ex.o
HAL_RCC_CSSCallback                               build/stm32f4xx_hal_rcc.o
HAL_RCC_ClockConfig                               build/stm32f4xx_hal_rcc.o
                                                  build/main.o
HAL_RCC_DeInit                                    build/stm32f4xx_hal_rcc_ex.o
                                                  build/stm32f4xx_hal_rcc.o
HAL_RCC_DisableCSS                                build/stm32f4xx_hal_rcc.o
HAL_RCC_EnableCSS                                 build/stm32f4xx_hal_rcc.o
HAL_RCC_GetClockConfig                            build/stm32f4xx_hal_rcc.o
HAL_RCC_GetHCLKFreq                               build/stm32f4xx_hal_rcc.o
HAL_RCC_GetOscConfig                              build/stm32f4xx_hal_rcc_ex.o
                                                  build/stm32f4xx_hal_rcc.o
HAL_RCC_GetPCLK1Freq                              build/stm32f4xx_hal_rcc.o
                                                  build/stm32f4xx_hal_uart.o
HAL_RCC_GetPCLK2Freq                              build/stm32f4xx_hal_rcc.o
                                                  build/stm32f4xx_hal_uart.o
HAL_RCC_GetSysClockFreq                           build/stm32f4xx_hal_rcc_ex.o
                                                  build/stm32f4xx_hal_rcc.o
HAL_RCC_MCOConfig                                 build/stm32f4xx_hal_rcc.o
HAL_RCC_NMI_IRQHandler                            build/stm32f4xx_hal_rcc.o
HAL_RCC_OscConfig                                 build/stm32f4xx_hal_rcc_ex.o
                                                  build/stm32f4xx_hal_rcc.o
                                                  build/main.o
HAL_ResumeTick                                    build/stm32f4xx_hal.o
HAL_SPI_Init                                      build/main.o
HAL_SPI_MspDeInit                                 build/stm32f4xx_hal_msp.o
HAL_SPI_MspInit                                   build/stm32f4xx_hal_msp.o
HAL_SPI_Transmit                                  build/main.o
HAL_SYSTICK_CLKSourceConfig                       build/stm32f4xx_hal_cortex.o
HAL_SYSTICK_Callback                              build/stm32f4xx_hal_cortex.o
HAL_SYSTICK_Config                                build/stm32f4xx_hal_cortex.o
                                                  build/stm32f4xx_hal.o
HAL_SYSTICK_IRQHandler                            build/stm32f4xx_hal_cortex.o
HAL_SetTickFreq                                   build/stm32f4xx_hal.o
HAL_SuspendTick                                   build/stm32f4xx_hal.o
HAL_TIMEx_BreakCallback                           build/stm32f4xx_hal_tim_ex.o
                                                  build/stm32f4xx_hal_tim.o
HAL_TIMEx_CommutCallback                          build/stm32f4xx_hal_tim_ex.o
                                                  build/stm32f4xx_hal_tim.o
HAL_TIMEx_CommutHalfCpltCallback                  build/stm32f4xx_hal_tim_ex.o
HAL_TIMEx_ConfigBreakDeadTime                     build/stm32f4xx_hal_tim_ex.o
HAL_TIMEx_ConfigCommutEvent                       build/stm32f4xx_hal_tim_ex.o
HAL_TIMEx_ConfigCommutEvent_DMA                   build/stm32f4xx_hal_tim_ex.o
HAL_TIMEx_ConfigCommutEvent_IT                    build/stm32f4xx_hal_tim_ex.o
HAL_TIMEx_GetChannelNState                        build/stm32f4xx_hal_tim_ex.o
HAL_TIMEx_HallSensor_DeInit                       build/stm32f4xx_hal_tim_ex.o
HAL_TIMEx_HallSensor_GetState                     build/stm32f4xx_hal_tim_ex.o
HAL_TIMEx_HallSensor_Init                         build/stm32f4xx_hal_tim_ex.o
HAL_TIMEx_HallSensor_MspDeInit                    build/stm32f4xx_hal_tim_ex.o
HAL_TIMEx_HallSensor_MspInit                      build/stm32f4xx_hal_tim_ex.o
HAL_TIMEx_HallSensor_Start                        build/stm32f4xx_hal_tim_ex.o
HAL_TIMEx_HallSensor_Start_DMA                    build/stm32f4xx_hal_tim_ex.o
HAL_TIMEx_HallSensor_Start_IT                     build/stm32f4xx_hal_tim_ex.o
HAL_TIMEx_HallSensor_Stop                         build/stm32f4xx_hal_tim_ex.o
HAL_TIMEx_HallSensor_Stop_DMA                     build/stm32f4xx_hal_tim_ex.o
HAL_TIMEx_HallSensor_Stop_IT                      build/stm32f4xx_hal_tim_ex.o
HAL_TIMEx_MasterConfigSynchronization             build/stm32f4xx_hal_tim_ex.o
                                                  build/main.o
HAL_TIMEx_OCN_Start                               build/stm32f4xx_hal_tim_ex.o
HAL_TIMEx_OCN_Start_DMA                           build/stm32f4xx_hal_tim_ex.o
HAL_TIMEx_OCN_Start_IT                            build/stm32f4xx_hal_tim_ex.o
HAL_TIMEx_OCN_Stop                                build/stm32f4xx_hal_tim_ex.o
HAL_TIMEx_OCN_Stop_DMA                            build/stm32f4xx_hal_tim_ex.o
HAL_TIMEx_OCN_Stop_IT                             build/stm32f4xx_hal_tim_ex.o
HAL_TIMEx_OnePulseN_Start                         build/stm32f4xx_hal_tim_ex.o
HAL_TIMEx_OnePulseN_Start_IT                      build/stm32f4xx_hal_tim_ex.o
HAL_TIMEx_OnePulseN_Stop                          build/stm32f4xx_hal_tim_ex.o
HAL_TIMEx_OnePulseN_Stop_IT                       build/stm32f4xx_hal_tim_ex.o
HAL_TIMEx_PWMN_Start                              build/stm32f4xx_hal_tim_ex.o
HAL_TIMEx_PWMN_Start_DMA                          build/stm32f4xx_hal_tim_ex.o
HAL_TIMEx_PWMN_Start_IT                           build/stm32f4xx_hal_tim_ex.o
HAL_TIMEx_PWMN_Stop                               build/stm32f4xx_hal_tim_ex.o
HAL_TIMEx_PWMN_Stop_DMA                           build/stm32f4xx_hal_tim_ex.o
HAL_TIMEx_PWMN_Stop_IT                            build/stm32f4xx_hal_tim_ex.o
HAL_TIMEx_RemapConfig                             build/stm32f4xx_hal_tim_ex.o
HAL_TIM_Base_DeInit                               build/stm32f4xx_hal_tim.o
HAL_TIM_Base_GetState                             build/stm32f4xx_hal_tim.o
HAL_TIM_Base_Init                                 build/stm32f4xx_hal_tim.o
                                                  build/main.o
HAL_TIM_Base_MspDeInit                            build/stm32f4xx_hal_msp.o
HAL_TIM_Base_MspInit                              build/stm32f4xx_hal_msp.o
HAL_TIM_Base_Start                                build/stm32f4xx_hal_tim.o
                                                  build/main.o
HAL_TIM_Base_Start_DMA                            build/stm32f4xx_hal_tim.o
HAL_TIM_Base_Start_IT                             build/stm32f4xx_hal_tim.o
HAL_TIM_Base_Stop                                 build/stm32f4xx_hal_tim.o
HAL_TIM_Base_Stop_DMA                             build/stm32f4xx_hal_tim.o
HAL_TIM_Base_Stop_IT                              build/stm32f4xx_hal_tim.o
HAL_TIM_ConfigClockSource                         build/stm32f4xx_hal_tim.o
                                                  build/main.o
HAL_TIM_ConfigOCrefClear                          build/stm32f4xx_hal_tim.o
HAL_TIM_ConfigTI1Input                            build/stm32f4xx_hal_tim.o
HAL_TIM_DMABurstState                             build/stm32f4xx_hal_tim.o
HAL_TIM_DMABurst_MultiReadStart                   build/stm32f4xx_hal_tim.o
HAL_TIM_DMABurst_MultiWriteStart                  build/stm32f4xx_hal_tim.o
HAL_TIM_DMABurst_ReadStart                        build/stm32f4xx_hal_tim.o
HAL_TIM_DMABurst_ReadStop                         build/stm32f4xx_hal_tim.o
HAL_TIM_DMABurst_WriteStart                       build/stm32f4xx_hal_tim.o
HAL_TIM_DMABurst_WriteStop                        build/stm32f4xx_hal_tim.o
HAL_TIM_Encoder_DeInit                            build/stm32f4xx_hal_tim.o
HAL_TIM_Encoder_GetState                          build/stm32f4xx_hal_tim.o
HAL_TIM_Encoder_Init                              build/stm32f4xx_hal_tim.o
HAL_TIM_Encoder_MspDeInit                         build/stm32f4xx_hal_tim.o
HAL_TIM_Encoder_MspInit                           build/stm32f4xx_hal_tim.o
HAL_TIM_Encoder_Start                             build/stm32f4xx_hal_tim.o
HAL_TIM_Encoder_Start_DMA                         build/stm32f4xx_hal_tim.o
HAL_TIM_Encoder_Start_IT                          build/stm32f4xx_hal_tim.o
HAL_TIM_Encoder_Stop                              build/stm32f4xx_hal_tim.o
HAL_TIM_Encoder_Stop_DMA                          build/stm32f4xx_hal_tim.o
HAL_TIM_Encoder_Stop_IT                           build/stm32f4xx_hal_tim.o
HAL_TIM_ErrorCallback                             build/stm32f4xx_hal_tim.o
                                                  build/stm32f4xx_hal_tim_ex.o
HAL_TIM_GenerateEvent                             build/stm32f4xx_hal_tim.o
HAL_TIM_GetActiveChannel                          build/stm32f4xx_hal_tim.o
HAL_TIM_GetChannelState                           build/stm32f4xx_hal_tim.o
HAL_TIM_IC_CaptureCallback                        build/stm32f4xx_hal_tim.o
HAL_TIM_IC_CaptureHalfCpltCallback                build/stm32f4xx_hal_tim.o
HAL_TIM_IC_ConfigChannel                          build/stm32f4xx_hal_tim.o
HAL_TIM_IC_DeInit                                 build/stm32f4xx_hal_tim.o
HAL_TIM_IC_GetState                               build/stm32f4xx_hal_tim.o
HAL_TIM_IC_Init                                   build/stm32f4xx_hal_tim.o
HAL_TIM_IC_MspDeInit                              build/stm32f4xx_hal_tim.o
HAL_TIM_IC_MspInit                                build/stm32f4xx_hal_tim.o
HAL_TIM_IC_Start                                  build/stm32f4xx_hal_tim.o
HAL_TIM_IC_Start_DMA                              build/stm32f4xx_hal_tim.o
HAL_TIM_IC_Start_IT                               build/stm32f4xx_hal_tim.o
HAL_TIM_IC_Stop                                   build/stm32f4xx_hal_tim.o
HAL_TIM_IC_Stop_DMA                               build/stm32f4xx_hal_tim.o
HAL_TIM_IC_Stop_IT                                build/stm32f4xx_hal_tim.o
HAL_TIM_IRQHandler                                build/stm32f4xx_hal_tim.o
HAL_TIM_OC_ConfigChannel                          build/stm32f4xx_hal_tim.o
HAL_TIM_OC_DeInit                                 build/stm32f4xx_hal_tim.o
HAL_TIM_OC_DelayElapsedCallback                   build/stm32f4xx_hal_tim.o
HAL_TIM_OC_GetState                               build/stm32f4xx_hal_tim.o
HAL_TIM_OC_Init                                   build/stm32f4xx_hal_tim.o
HAL_TIM_OC_MspDeInit                              build/stm32f4xx_hal_tim.o
HAL_TIM_OC_MspInit                                build/stm32f4xx_hal_tim.o
HAL_TIM_OC_Start                                  build/stm32f4xx_hal_tim.o
HAL_TIM_OC_Start_DMA                              build/stm32f4xx_hal_tim.o
HAL_TIM_OC_Start_IT                               build/stm32f4xx_hal_tim.o
HAL_TIM_OC_Stop                                   build/stm32f4xx_hal_tim.o
HAL_TIM_OC_Stop_DMA                               build/stm32f4xx_hal_tim.o
HAL_TIM_OC_Stop_IT                                build/stm32f4xx_hal_tim.o
HAL_TIM_OnePulse_ConfigChannel                    build/stm32f4xx_hal_tim.o
HAL_TIM_OnePulse_DeInit                           build/stm32f4xx_hal_tim.o
HAL_TIM_OnePulse_GetState                         build/stm32f4xx_hal_tim.o
HAL_TIM_OnePulse_Init                             build/stm32f4xx_hal_tim.o
HAL_TIM_OnePulse_MspDeInit                        build/stm32f4xx_hal_tim.o
HAL_TIM_OnePulse_MspInit                          build/stm32f4xx_hal_tim.o
HAL_TIM_OnePulse_Start                            build/stm32f4xx_hal_tim.o
HAL_TIM_OnePulse_Start_IT                         build/stm32f4xx_hal_tim.o
HAL_TIM_OnePulse_Stop                             build/stm32f4xx_hal_tim.o
HAL_TIM_OnePulse_Stop_IT                          build/stm32f4xx_hal_tim.o
HAL_TIM_PWM_ConfigChannel                         build/stm32f4xx_hal_tim.o
HAL_TIM_PWM_DeInit                                build/stm32f4xx_hal_tim.o
HAL_TIM_PWM_GetState                              build/stm32f4xx_hal_tim.o
HAL_TIM_PWM_Init                                  build/stm32f4xx_hal_tim.o
HAL_TIM_PWM_MspDeInit                             build/stm32f4xx_hal_tim.o
HAL_TIM_PWM_MspInit                               build/stm32f4xx_hal_tim.o
HAL_TIM_PWM_PulseFinishedCallback                 build/stm32f4xx_hal_tim.o
                                                  build/stm32f4xx_hal_tim_ex.o
HAL_TIM_PWM_PulseFinishedHalfCpltCallback         build/stm32f4xx_hal_tim.o
HAL_TIM_PWM_Start                                 build/stm32f4xx_hal_tim.o
HAL_TIM_PWM_Start_DMA                             build/stm32f4xx_hal_tim.o
HAL_TIM_PWM_Start_IT                              build/stm32f4xx_hal_tim.o
HAL_TIM_PWM_Stop                                  build/stm32f4xx_hal_tim.o
HAL_TIM_PWM_Stop_DMA                              build/stm32f4xx_hal_tim.o
HAL_TIM_PWM_Stop_IT                               build/stm32f4xx_hal_tim.o
HAL_TIM_PeriodElapsedCallback                     build/stm32f4xx_hal_tim.o
HAL_TIM_PeriodElapsedHalfCpltCallback             build/stm32f4xx_hal_tim.o
HAL_TIM_ReadCapturedValue                         build/stm32f4xx_hal_tim.o
HAL_TIM_SlaveConfigSynchro                        build/stm32f4xx_hal_tim.o
HAL_TIM_SlaveConfigSynchro_IT                     build/stm32f4xx_hal_tim.o
HAL_TIM_TriggerCallback                           build/stm32f4xx_hal_tim.o
HAL_TIM_TriggerHalfCpltCallback                   build/stm32f4xx_hal_tim.o
HAL_UARTEx_ReceiveToIdle                          build/stm32f4xx_hal_uart.o
HAL_UARTEx_ReceiveToIdle_DMA                      build/stm32f4xx_hal_uart.o
HAL_UARTEx_ReceiveToIdle_IT                       build/stm32f4xx_hal_uart.o
HAL_UARTEx_RxEventCallback                        build/stm32f4xx_hal_uart.o
HAL_UART_Abort                                    build/stm32f4xx_hal_uart.o
HAL_UART_AbortCpltCallback                        build/stm32f4xx_hal_uart.o
HAL_UART_AbortReceive                             build/stm32f4xx_hal_uart.o
HAL_UART_AbortReceiveCpltCallback                 build/stm32f4xx_hal_uart.o
HAL_UART_AbortReceive_IT                          build/stm32f4xx_hal_uart.o
HAL_UART_AbortTransmit                            build/stm32f4xx_hal_uart.o
HAL_UART_AbortTransmitCpltCallback                build/stm32f4xx_hal_uart.o
HAL_UART_AbortTransmit_IT                         build/stm32f4xx_hal_uart.o
HAL_UART_Abort_IT                                 build/stm32f4xx_hal_uart.o
HAL_UART_DMAPause                                 build/stm32f4xx_hal_uart.o
HAL_UART_DMAResume                                build/stm32f4xx_hal_uart.o
HAL_UART_DMAStop                                  build/stm32f4xx_hal_uart.o
HAL_UART_DeInit                                   build/stm32f4xx_hal_uart.o
HAL_UART_ErrorCallback                            build/stm32f4xx_hal_uart.o
HAL_UART_GetError                                 build/stm32f4xx_hal_uart.o
HAL_UART_GetState                                 build/stm32f4xx_hal_uart.o
HAL_UART_IRQHandler                               build/stm32f4xx_hal_uart.o
HAL_UART_Init                                     build/stm32f4xx_hal_uart.o
                                                  build/main.o
HAL_UART_MspDeInit                                build/stm32f4xx_hal_msp.o
HAL_UART_MspInit                                  build/stm32f4xx_hal_msp.o
HAL_UART_Receive                                  build/stm32f4xx_hal_uart.o
HAL_UART_Receive_DMA                              build/stm32f4xx_hal_uart.o
HAL_UART_Receive_IT                               build/stm32f4xx_hal_uart.o
HAL_UART_RxCpltCallback                           build/stm32f4xx_hal_uart.o
HAL_UART_RxHalfCpltCallback                       build/stm32f4xx_hal_uart.o
HAL_UART_Transmit                                 build/stm32f4xx_hal_uart.o
                                                  build/main.o
HAL_UART_Transmit_DMA                             build/stm32f4xx_hal_uart.o
HAL_UART_Transmit_IT                              build/stm32f4xx_hal_uart.o
HAL_UART_TxCpltCallback                           build/stm32f4xx_hal_uart.o
HAL_UART_TxHalfCpltCallback                       build/stm32f4xx_hal_uart.o
HardFault_Handler                                 build/stm32f4xx_it.o
I2C1_ER_IRQHandler                                build/startup_stm32f446xx.o
I2C1_EV_IRQHandler                                build/startup_stm32f446xx.o
I2C2_ER_IRQHandler                                build/startup_stm32f446xx.o
I2C2_EV_IRQHandler                                build/startup_stm32f446xx.o
I2C3_ER_IRQHandler                                build/startup_stm32f446xx.o
I2C3_EV_IRQHandler                                build/startup_stm32f446xx.o
MemManage_Handler                                 build/stm32f4xx_it.o
NMI_Handler                                       build/stm32f4xx_it.o
OTG_FS_IRQHandler                                 build/startup_stm32f446xx.o
OTG_FS_WKUP_IRQHandler                            build/startup_stm32f446xx.o
OTG_HS_EP1_IN_IRQHandler                          build/startup_stm32f446xx.o
OTG_HS_EP1_OUT_IRQHandler                         build/startup_stm32f446xx.o
OTG_HS_IRQHandler                                 build/startup_stm32f446xx.o
OTG_HS_WKUP_IRQHandler                            build/startup_stm32f446xx.o
PS2DataIn                                         build/main.o
PVD_IRQHandler                                    build/startup_stm32f446xx.o
PendSV_Handler                                    build/stm32f4xx_it.o
QUADSPI_IRQHandler                                build/startup_stm32f446xx.o
RCC_IRQHandler                                    build/startup_stm32f446xx.o
RTC_Alarm_IRQHandler                              build/startup_stm32f446xx.o
RTC_WKUP_IRQHandler                               build/startup_stm32f446xx.o
Reset_Handler                                     build/startup_stm32f446xx.o
SAI1_IRQHandler                                   build/startup_stm32f446xx.o
SAI2_IRQHandler                                   build/startup_stm32f446xx.o
SDIO_IRQHandler                                   build/startup_stm32f446xx.o
SPDIF_RX_IRQHandler                               build/startup_stm32f446xx.o
SPI1_IRQHandler                                   build/startup_stm32f446xx.o
SPI2_IRQHandler                                   build/startup_stm32f446xx.o
SPI3_IRQHandler                                   build/startup_stm32f446xx.o
SPI4_IRQHandler                                   build/startup_stm32f446xx.o
SVC_Handler                                       build/stm32f4xx_it.o
SysTick_Handler                                   build/stm32f4xx_it.o
SystemClock_Config                                build/main.o
SystemCoreClock                                   build/system_stm32f4xx.o
                                                  build/stm32f4xx_hal.o
                                                  build/stm32f4xx_hal_dma.o
                                                  build/stm32f4xx_hal_rcc_ex.o
                                                  build/stm32f4xx_hal_rcc.o
SystemCoreClockUpdate                             build/system_stm32f4xx.o
SystemInit                                        build/system_stm32f4xx.o
                                                  build/startup_stm32f446xx.o
TAMP_STAMP_IRQHandler                             build/startup_stm32f446xx.o
TIM1_BRK_TIM9_IRQHandler                          build/startup_stm32f446xx.o
TIM1_CC_IRQHandler                                build/startup_stm32f446xx.o
TIM1_TRG_COM_TIM11_IRQHandler                     build/startup_stm32f446xx.o
TIM1_UP_TIM10_IRQHandler                          build/startup_stm32f446xx.o
TIM2_IRQHandler                                   build/startup_stm32f446xx.o
TIM3_IRQHandler                                   build/startup_stm32f446xx.o
TIM4_IRQHandler                                   build/startup_stm32f446xx.o
TIM5_IRQHandler                                   build/startup_stm32f446xx.o
TIM6_DAC_IRQHandler                               build/startup_stm32f446xx.o
TIM7_IRQHandler                                   build/startup_stm32f446xx.o
TIM8_BRK_TIM12_IRQHandler                         build/startup_stm32f446xx.o
TIM8_CC_IRQHandler                                build/startup_stm32f446xx.o
TIM8_TRG_COM_TIM14_IRQHandler                     build/startup_stm32f446xx.o
TIM8_UP_TIM13_IRQHandler                          build/startup_stm32f446xx.o
TIMEx_DMACommutationCplt                          build/stm32f4xx_hal_tim_ex.o
                                                  build/stm32f4xx_hal_tim.o
TIMEx_DMACommutationHalfCplt                      build/stm32f4xx_hal_tim_ex.o
                                                  build/stm32f4xx_hal_tim.o
TIM_Base_SetConfig                                build/stm32f4xx_hal_tim.o
                                                  build/stm32f4xx_hal_tim_ex.o
TIM_CCxChannelCmd                                 build/stm32f4xx_hal_tim.o
                                                  build/stm32f4xx_hal_tim_ex.o
TIM_DMACaptureCplt                                build/stm32f4xx_hal_tim.o
                                                  build/stm32f4xx_hal_tim_ex.o
TIM_DMACaptureHalfCplt                            build/stm32f4xx_hal_tim.o
                                                  build/stm32f4xx_hal_tim_ex.o
TIM_DMADelayPulseHalfCplt                         build/stm32f4xx_hal_tim.o
                                                  build/stm32f4xx_hal_tim_ex.o
TIM_DMAError                                      build/stm32f4xx_hal_tim.o
                                                  build/stm32f4xx_hal_tim_ex.o
TIM_ETR_SetConfig                                 build/stm32f4xx_hal_tim.o
TIM_OC2_SetConfig                                 build/stm32f4xx_hal_tim.o
                                                  build/stm32f4xx_hal_tim_ex.o
TIM_TI1_SetConfig                                 build/stm32f4xx_hal_tim.o
                                                  build/stm32f4xx_hal_tim_ex.o
UART4_IRQHandler                                  build/startup_stm32f446xx.o
UART5_IRQHandler                                  build/startup_stm32f446xx.o
UART_Start_Receive_DMA                            build/stm32f4xx_hal_uart.o
UART_Start_Receive_IT                             build/stm32f4xx_hal_uart.o
USART1_IRQHandler                                 build/startup_stm32f446xx.o
USART2_IRQHandler                                 build/startup_stm32f446xx.o
USART3_IRQHandler                                 build/startup_stm32f446xx.o
USART6_IRQHandler                                 build/startup_stm32f446xx.o
UsageFault_Handler                                build/stm32f4xx_it.o
WWDG_IRQHandler                                   build/startup_stm32f446xx.o
__aeabi_idiv0                                     c:/boda_toolchain/gcc-arm-none-eabi-10.3-2021.10/bin/../lib/gcc/arm-none-eabi/10.3.1/thumb/v7e-m+fp/hard\libgcc.a(_dvmd_tls.o)
__aeabi_ldiv0                                     c:/boda_toolchain/gcc-arm-none-eabi-10.3-2021.10/bin/../lib/gcc/arm-none-eabi/10.3.1/thumb/v7e-m+fp/hard\libgcc.a(_dvmd_tls.o)
                                                  c:/boda_toolchain/gcc-arm-none-eabi-10.3-2021.10/bin/../lib/gcc/arm-none-eabi/10.3.1/thumb/v7e-m+fp/hard\libgcc.a(_aeabi_uldivmod.o)
__aeabi_uldivmod                                  c:/boda_toolchain/gcc-arm-none-eabi-10.3-2021.10/bin/../lib/gcc/arm-none-eabi/10.3.1/thumb/v7e-m+fp/hard\libgcc.a(_aeabi_uldivmod.o)
                                                  build/stm32f4xx_hal_rcc_ex.o
                                                  build/stm32f4xx_hal_rcc.o
                                                  build/stm32f4xx_hal_uart.o
__bss_end__                                       c:/boda_toolchain/gcc-arm-none-eabi-10.3-2021.10/bin/../lib/gcc/arm-none-eabi/10.3.1/../../../../arm-none-eabi/lib/thumb/v7e-m+fp/hard/crt0.o
__bss_start__                                     c:/boda_toolchain/gcc-arm-none-eabi-10.3-2021.10/bin/../lib/gcc/arm-none-eabi/10.3.1/../../../../arm-none-eabi/lib/thumb/v7e-m+fp/hard/crt0.o
__call_exitprocs                                  c:/boda_toolchain/gcc-arm-none-eabi-10.3-2021.10/bin/../lib/gcc/arm-none-eabi/10.3.1/../../../../arm-none-eabi/lib/thumb/v7e-m+fp/hard\libc_nano.a(lib_a-exit.o)
__deregister_frame_info                           c:/boda_toolchain/gcc-arm-none-eabi-10.3-2021.10/bin/../lib/gcc/arm-none-eabi/10.3.1/thumb/v7e-m+fp/hard/crtbegin.o
__dso_handle                                      c:/boda_toolchain/gcc-arm-none-eabi-10.3-2021.10/bin/../lib/gcc/arm-none-eabi/10.3.1/thumb/v7e-m+fp/hard/crtbegin.o
__init_array_end                                  c:/boda_toolchain/gcc-arm-none-eabi-10.3-2021.10/bin/../lib/gcc/arm-none-eabi/10.3.1/../../../../arm-none-eabi/lib/thumb/v7e-m+fp/hard\libc_nano.a(lib_a-init.o)
__init_array_start                                c:/boda_toolchain/gcc-arm-none-eabi-10.3-2021.10/bin/../lib/gcc/arm-none-eabi/10.3.1/../../../../arm-none-eabi/lib/thumb/v7e-m+fp/hard\libc_nano.a(lib_a-init.o)
__libc_fini_array                                 c:/boda_toolchain/gcc-arm-none-eabi-10.3-2021.10/bin/../lib/gcc/arm-none-eabi/10.3.1/../../../../arm-none-eabi/lib/thumb/v7e-m+fp/hard/crt0.o
__libc_init_array                                 c:/boda_toolchain/gcc-arm-none-eabi-10.3-2021.10/bin/../lib/gcc/arm-none-eabi/10.3.1/../../../../arm-none-eabi/lib/thumb/v7e-m+fp/hard\libc_nano.a(lib_a-init.o)
                                                  build/startup_stm32f446xx.o
                                                  c:/boda_toolchain/gcc-arm-none-eabi-10.3-2021.10/bin/../lib/gcc/arm-none-eabi/10.3.1/../../../../arm-none-eabi/lib/thumb/v7e-m+fp/hard/crt0.o
__preinit_array_end                               c:/boda_toolchain/gcc-arm-none-eabi-10.3-2021.10/bin/../lib/gcc/arm-none-eabi/10.3.1/../../../../arm-none-eabi/lib/thumb/v7e-m+fp/hard\libc_nano.a(lib_a-init.o)
__preinit_array_start                             c:/boda_toolchain/gcc-arm-none-eabi-10.3-2021.10/bin/../lib/gcc/arm-none-eabi/10.3.1/../../../../arm-none-eabi/lib/thumb/v7e-m+fp/hard\libc_nano.a(lib_a-init.o)
__register_frame_info                             c:/boda_toolchain/gcc-arm-none-eabi-10.3-2021.10/bin/../lib/gcc/arm-none-eabi/10.3.1/thumb/v7e-m+fp/hard/crtbegin.o
__sf_fake_stderr                                  c:/boda_toolchain/gcc-arm-none-eabi-10.3-2021.10/bin/../lib/gcc/arm-none-eabi/10.3.1/../../../../arm-none-eabi/lib/thumb/v7e-m+fp/hard\libc_nano.a(lib_a-impure.o)
__sf_fake_stdin                                   c:/boda_toolchain/gcc-arm-none-eabi-10.3-2021.10/bin/../lib/gcc/arm-none-eabi/10.3.1/../../../../arm-none-eabi/lib/thumb/v7e-m+fp/hard\libc_nano.a(lib_a-impure.o)
__sf_fake_stdout                                  c:/boda_toolchain/gcc-arm-none-eabi-10.3-2021.10/bin/../lib/gcc/arm-none-eabi/10.3.1/../../../../arm-none-eabi/lib/thumb/v7e-m+fp/hard\libc_nano.a(lib_a-impure.o)
__stack                                           c:/boda_toolchain/gcc-arm-none-eabi-10.3-2021.10/bin/../lib/gcc/arm-none-eabi/10.3.1/../../../../arm-none-eabi/lib/thumb/v7e-m+fp/hard/crt0.o
__udivmoddi4                                      c:/boda_toolchain/gcc-arm-none-eabi-10.3-2021.10/bin/../lib/gcc/arm-none-eabi/10.3.1/thumb/v7e-m+fp/hard\libgcc.a(_udivmoddi4.o)
                                                  c:/boda_toolchain/gcc-arm-none-eabi-10.3-2021.10/bin/../lib/gcc/arm-none-eabi/10.3.1/thumb/v7e-m+fp/hard\libgcc.a(_aeabi_uldivmod.o)
_ebss                                             build/startup_stm32f446xx.o
_edata                                            build/startup_stm32f446xx.o
_estack                                           build/startup_stm32f446xx.o
_exit                                             c:/boda_toolchain/gcc-arm-none-eabi-10.3-2021.10/bin/../lib/gcc/arm-none-eabi/10.3.1/../../../../arm-none-eabi/lib/thumb/v7e-m+fp/hard\libnosys.a(_exit.o)
                                                  c:/boda_toolchain/gcc-arm-none-eabi-10.3-2021.10/bin/../lib/gcc/arm-none-eabi/10.3.1/../../../../arm-none-eabi/lib/thumb/v7e-m+fp/hard\libc_nano.a(lib_a-exit.o)
_fini                                             c:/boda_toolchain/gcc-arm-none-eabi-10.3-2021.10/bin/../lib/gcc/arm-none-eabi/10.3.1/thumb/v7e-m+fp/hard/crti.o
_global_impure_ptr                                c:/boda_toolchain/gcc-arm-none-eabi-10.3-2021.10/bin/../lib/gcc/arm-none-eabi/10.3.1/../../../../arm-none-eabi/lib/thumb/v7e-m+fp/hard\libc_nano.a(lib_a-impure.o)
                                                  c:/boda_toolchain/gcc-arm-none-eabi-10.3-2021.10/bin/../lib/gcc/arm-none-eabi/10.3.1/../../../../arm-none-eabi/lib/thumb/v7e-m+fp/hard\libc_nano.a(lib_a-exit.o)
_impure_ptr                                       c:/boda_toolchain/gcc-arm-none-eabi-10.3-2021.10/bin/../lib/gcc/arm-none-eabi/10.3.1/../../../../arm-none-eabi/lib/thumb/v7e-m+fp/hard\libc_nano.a(lib_a-impure.o)
_init                                             c:/boda_toolchain/gcc-arm-none-eabi-10.3-2021.10/bin/../lib/gcc/arm-none-eabi/10.3.1/thumb/v7e-m+fp/hard/crti.o
                                                  c:/boda_toolchain/gcc-arm-none-eabi-10.3-2021.10/bin/../lib/gcc/arm-none-eabi/10.3.1/../../../../arm-none-eabi/lib/thumb/v7e-m+fp/hard\libc_nano.a(lib_a-init.o)
_mainCRTStartup                                   c:/boda_toolchain/gcc-arm-none-eabi-10.3-2021.10/bin/../lib/gcc/arm-none-eabi/10.3.1/../../../../arm-none-eabi/lib/thumb/v7e-m+fp/hard/crt0.o
_sbss                                             build/startup_stm32f446xx.o
_sdata                                            build/startup_stm32f446xx.o
_sidata                                           build/startup_stm32f446xx.o
_stack_init                                       c:/boda_toolchain/gcc-arm-none-eabi-10.3-2021.10/bin/../lib/gcc/arm-none-eabi/10.3.1/../../../../arm-none-eabi/lib/thumb/v7e-m+fp/hard/crt0.o
_start                                            c:/boda_toolchain/gcc-arm-none-eabi-10.3-2021.10/bin/../lib/gcc/arm-none-eabi/10.3.1/../../../../arm-none-eabi/lib/thumb/v7e-m+fp/hard/crt0.o
atexit                                            c:/boda_toolchain/gcc-arm-none-eabi-10.3-2021.10/bin/../lib/gcc/arm-none-eabi/10.3.1/../../../../arm-none-eabi/lib/thumb/v7e-m+fp/hard/crt0.o
exit                                              c:/boda_toolchain/gcc-arm-none-eabi-10.3-2021.10/bin/../lib/gcc/arm-none-eabi/10.3.1/../../../../arm-none-eabi/lib/thumb/v7e-m+fp/hard\libc_nano.a(lib_a-exit.o)
                                                  c:/boda_toolchain/gcc-arm-none-eabi-10.3-2021.10/bin/../lib/gcc/arm-none-eabi/10.3.1/../../../../arm-none-eabi/lib/thumb/v7e-m+fp/hard/crt0.o
g_pfnVectors                                      build/startup_stm32f446xx.o
hardware_init_hook                                c:/boda_toolchain/gcc-arm-none-eabi-10.3-2021.10/bin/../lib/gcc/arm-none-eabi/10.3.1/../../../../arm-none-eabi/lib/thumb/v7e-m+fp/hard/crt0.o
hspi2                                             build/main.o
htim1                                             build/main.o
htim3                                             build/main.o
huart2                                            build/main.o
main                                              build/main.o
                                                  build/startup_stm32f446xx.o
                                                  c:/boda_toolchain/gcc-arm-none-eabi-10.3-2021.10/bin/../lib/gcc/arm-none-eabi/10.3.1/../../../../arm-none-eabi/lib/thumb/v7e-m+fp/hard/crt0.o
memset                                            c:/boda_toolchain/gcc-arm-none-eabi-10.3-2021.10/bin/../lib/gcc/arm-none-eabi/10.3.1/../../../../arm-none-eabi/lib/thumb/v7e-m+fp/hard\libc_nano.a(lib_a-memset.o)
                                                  build/main.o
                                                  c:/boda_toolchain/gcc-arm-none-eabi-10.3-2021.10/bin/../lib/gcc/arm-none-eabi/10.3.1/../../../../arm-none-eabi/lib/thumb/v7e-m+fp/hard/crt0.o
pFlash                                            build/stm32f4xx_hal_flash.o
                                                  build/stm32f4xx_hal_flash_ex.o
software_init_hook                                c:/boda_toolchain/gcc-arm-none-eabi-10.3-2021.10/bin/../lib/gcc/arm-none-eabi/10.3.1/../../../../arm-none-eabi/lib/thumb/v7e-m+fp/hard/crt0.o
uwTick                                            build/stm32f4xx_hal.o
uwTickFreq                                        build/stm32f4xx_hal.o
uwTickPrio                                        build/stm32f4xx_hal.o
                                                  build/stm32f4xx_hal_rcc_ex.o
                                                  build/stm32f4xx_hal_rcc.o
